<html>
<body>
<pre>
<h1>µVision Build Log</h1>
<h2>Tool Versions:</h2>
IDE-Version: ¦ÌVision V5.32.0.0
Copyright (C) 2020 ARM Ltd and ARM Germany GmbH. All rights reserved.
License Information: 1 1, 1, LIC=47GU5-GFXYV-63EMB-2MLF2-LP212-B0ZLU
 
Tool Versions:
Toolchain:       MDK-ARM Plus  Version: 5.32.0.0
Toolchain Path:  D:\tt_Programs_Files\Keil_v5\ARM\ARMCC\Bin
C Compiler:      Armcc.exe V5.06 update 7 (build 960)
Assembler:       Armasm.exe V5.06 update 7 (build 960)
Linker/Locator:  ArmLink.exe V5.06 update 7 (build 960)
Library Manager: ArmAr.exe V5.06 update 7 (build 960)
Hex Converter:   FromElf.exe V5.06 update 7 (build 960)
CPU DLL:         SARMCM3.DLL V5.32.0.0
Dialog DLL:      DCM.DLL V1.17.3.0
Target DLL:      STLink\ST-LINKIII-KEIL_SWO.dll V3.0.8.0
Dialog DLL:      TCM.DLL V1.46.0.0
 
<h2>Project:</h2>
D:\tt_Programs_Files\Project\noise\v1.0+\3.ÏÂÎ»»ú\Project\FreeRTOS_NoiseSys\OS_NoiseSys\MDK-ARM\OS_NoiseSys.uvprojx
Project File Date:  03/23/2024

<h2>Output:</h2>
*** Using Compiler 'V5.06 update 7 (build 960)', folder: 'D:\tt_Programs_Files\Keil_v5\ARM\ARMCC\Bin'
Build target 'OS_NoiseSys'
compiling onenet_MQTT.c...
..\Hardware\onenet_MQTT.c(86): warning:  #167-D: argument of type "uint8_t *" is incompatible with parameter of type "char *restrict"
      sprintf(com_str_temp ,"AT+MCONFIG=\"%s\",\"%s\",\"%s\"\r\n", DeviceName, ProductID, sign);
..\Hardware\onenet_MQTT.c(87): warning:  #167-D: argument of type "uint8_t *" is incompatible with parameter of type "char *"
      while (Air724_SendCmd(com_str_temp, "OK"))
..\Hardware\onenet_MQTT.c(96): warning:  #167-D: argument of type "uint8_t *" is incompatible with parameter of type "char *restrict"
      sprintf(com_str_temp, "AT+MIPSTART=\"%s\",%s\r\n", mqtturl, mqttport);
..\Hardware\onenet_MQTT.c(97): warning:  #167-D: argument of type "uint8_t *" is incompatible with parameter of type "char *"
      while (Air724_SendCmd(com_str_temp, "OK"))
..\Hardware\onenet_MQTT.c(113): warning:  #167-D: argument of type "uint8_t *" is incompatible with parameter of type "char *restrict"
              sprintf(com_str_temp, "AT+MIPSTART=\"%s\",%s\r\n", mqtturl, mqttport);
..\Hardware\onenet_MQTT.c(114): warning:  #167-D: argument of type "uint8_t *" is incompatible with parameter of type "char *"
              while (Air724_SendCmd(com_str_temp, "OK"))
..\Hardware\onenet_MQTT.c: 6 warnings, 0 errors
linking...
Program Size: Code=24500 RO-data=2656 RW-data=208 ZI-data=9472  
FromELF: creating hex file...
"OS_NoiseSys\OS_NoiseSys.axf" - 0 Error(s), 6 Warning(s).

<h2>Software Packages used:</h2>

Package Vendor: ARM
                http://www.keil.com/pack/ARM.CMSIS.5.7.0.pack
                ARM.CMSIS.5.7.0
                CMSIS (Cortex Microcontroller Software Interface Standard)
   * Component: CORE Version: 5.4.0

Package Vendor: Keil
                http://www.keil.com/pack/Keil.STM32F1xx_DFP.2.3.0.pack
                Keil.STM32F1xx_DFP.2.3.0
                STMicroelectronics STM32F1 Series Device Support, Drivers and Examples

<h2>Collection of Component include folders:</h2>
  .\RTE\_OS_NoiseSys
  D:\tt_Programs_Files\Packs\ARM\CMSIS\5.7.0\CMSIS\Core\Include
  D:\tt_Programs_Files\Packs\Keil\STM32F1xx_DFP\2.3.0\Device\Include

<h2>Collection of Component Files used:</h2>

   * Component: ARM::CMSIS:CORE:5.4.0
      Include file:  CMSIS\Core\Include\tz_context.h
Build Time Elapsed:  00:00:01
</pre>
</body>
</html>
