Component: ARM Compiler 5.06 update 7 (build 960) Tool: armlink [4d3601]

==============================================================================

Section Cross References

    startup_stm32f103xb.o(STACK) refers (Special) to heapauxi.o(.text) for __use_two_region_memory
    startup_stm32f103xb.o(HEAP) refers (Special) to heapauxi.o(.text) for __use_two_region_memory
    startup_stm32f103xb.o(RESET) refers (Special) to heapauxi.o(.text) for __use_two_region_memory
    startup_stm32f103xb.o(RESET) refers to startup_stm32f103xb.o(STACK) for __initial_sp
    startup_stm32f103xb.o(RESET) refers to startup_stm32f103xb.o(.text) for Reset_Handler
    startup_stm32f103xb.o(RESET) refers to stm32f1xx_it.o(i.NMI_Handler) for NMI_Handler
    startup_stm32f103xb.o(RESET) refers to stm32f1xx_it.o(i.HardFault_Handler) for HardFault_Handler
    startup_stm32f103xb.o(RESET) refers to stm32f1xx_it.o(i.MemManage_Handler) for MemManage_Handler
    startup_stm32f103xb.o(RESET) refers to stm32f1xx_it.o(i.BusFault_Handler) for BusFault_Handler
    startup_stm32f103xb.o(RESET) refers to stm32f1xx_it.o(i.UsageFault_Handler) for UsageFault_Handler
    startup_stm32f103xb.o(RESET) refers to port.o(.emb_text) for SVC_Handler
    startup_stm32f103xb.o(RESET) refers to stm32f1xx_it.o(i.DebugMon_Handler) for DebugMon_Handler
    startup_stm32f103xb.o(RESET) refers to port.o(i.SysTick_Handler) for SysTick_Handler
    startup_stm32f103xb.o(RESET) refers to stm32f1xx_it.o(i.DMA1_Channel3_IRQHandler) for DMA1_Channel3_IRQHandler
    startup_stm32f103xb.o(RESET) refers to stm32f1xx_it.o(i.TIM4_IRQHandler) for TIM4_IRQHandler
    startup_stm32f103xb.o(RESET) refers to stm32f1xx_it.o(i.USART3_IRQHandler) for USART3_IRQHandler
    startup_stm32f103xb.o(.text) refers (Special) to heapauxi.o(.text) for __use_two_region_memory
    startup_stm32f103xb.o(.text) refers to system_stm32f1xx.o(i.SystemInit) for SystemInit
    startup_stm32f103xb.o(.text) refers to __main.o(!!!main) for __main
    startup_stm32f103xb.o(.text) refers to startup_stm32f103xb.o(HEAP) for Heap_Mem
    startup_stm32f103xb.o(.text) refers to startup_stm32f103xb.o(STACK) for Stack_Mem
    main.o(i.HAL_TIM_PeriodElapsedCallback) refers to stm32f1xx_hal.o(i.HAL_IncTick) for HAL_IncTick
    main.o(i.SystemClock_Config) refers to rt_memclr_w.o(.text) for __aeabi_memclr4
    main.o(i.SystemClock_Config) refers to stm32f1xx_hal_rcc.o(i.HAL_RCC_OscConfig) for HAL_RCC_OscConfig
    main.o(i.SystemClock_Config) refers to stm32f1xx_hal_rcc.o(i.HAL_RCC_ClockConfig) for HAL_RCC_ClockConfig
    main.o(i.main) refers to stm32f1xx_hal.o(i.HAL_Init) for HAL_Init
    main.o(i.main) refers to main.o(i.SystemClock_Config) for SystemClock_Config
    main.o(i.main) refers to gpio.o(i.MX_GPIO_Init) for MX_GPIO_Init
    main.o(i.main) refers to dma.o(i.MX_DMA_Init) for MX_DMA_Init
    main.o(i.main) refers to i2c.o(i.MX_I2C1_Init) for MX_I2C1_Init
    main.o(i.main) refers to spi.o(i.MX_SPI1_Init) for MX_SPI1_Init
    main.o(i.main) refers to spi.o(i.MX_SPI2_Init) for MX_SPI2_Init
    main.o(i.main) refers to usart.o(i.MX_USART1_UART_Init) for MX_USART1_UART_Init
    main.o(i.main) refers to usart.o(i.MX_USART2_UART_Init) for MX_USART2_UART_Init
    main.o(i.main) refers to usart.o(i.MX_USART3_UART_Init) for MX_USART3_UART_Init
    main.o(i.main) refers to stm32f1xx_hal_uart.o(i.HAL_UART_Receive_DMA) for HAL_UART_Receive_DMA
    main.o(i.main) refers to cmsis_os2.o(i.osKernelInitialize) for osKernelInitialize
    main.o(i.main) refers to freertos.o(i.MX_FREERTOS_Init) for MX_FREERTOS_Init
    main.o(i.main) refers to cmsis_os2.o(i.osKernelStart) for osKernelStart
    main.o(i.main) refers to air780eg.o(.bss) for Air780_rec_buf
    main.o(i.main) refers to usart.o(.bss) for huart3
    gpio.o(i.MX_GPIO_Init) refers to stm32f1xx_hal_gpio.o(i.HAL_GPIO_WritePin) for HAL_GPIO_WritePin
    gpio.o(i.MX_GPIO_Init) refers to stm32f1xx_hal_gpio.o(i.HAL_GPIO_Init) for HAL_GPIO_Init
    freertos.o(i.MX_FREERTOS_Init) refers to user_tasksinit.o(i.User_Tasks_Init) for User_Tasks_Init
    freertos.o(i.MX_FREERTOS_Init) refers to cmsis_os2.o(i.osThreadNew) for osThreadNew
    freertos.o(i.MX_FREERTOS_Init) refers to freertos.o(.constdata) for .constdata
    freertos.o(i.MX_FREERTOS_Init) refers to freertos.o(i.StartDefaultTask) for StartDefaultTask
    freertos.o(i.MX_FREERTOS_Init) refers to freertos.o(.data) for .data
    freertos.o(i.StartDefaultTask) refers to cmsis_os2.o(i.osDelay) for osDelay
    freertos.o(.constdata) refers to freertos.o(.conststring) for .conststring
    freertos.o(.constdata) refers to freertos.o(.bss) for defaultTaskControlBlock
    freertos.o(.constdata) refers to freertos.o(.bss) for defaultTaskBuffer
    dma.o(i.MX_DMA_Init) refers to stm32f1xx_hal_cortex.o(i.HAL_NVIC_SetPriority) for HAL_NVIC_SetPriority
    dma.o(i.MX_DMA_Init) refers to stm32f1xx_hal_cortex.o(i.HAL_NVIC_EnableIRQ) for HAL_NVIC_EnableIRQ
[...]
    _printf_int_oct                          0x080012d3   Thumb Code    24  _printf_oct_int_ll.o(.text)
    _printf_ll_oct                           0x080012eb   Thumb Code    12  _printf_oct_int_ll.o(.text)
    _printf_longlong_hex                     0x08001301   Thumb Code    86  _printf_hex_int_ll_ptr.o(.text)
    _printf_int_hex                          0x08001357   Thumb Code    28  _printf_hex_int_ll_ptr.o(.text)
    _printf_ll_hex                           0x08001373   Thumb Code    12  _printf_hex_int_ll_ptr.o(.text)
    _printf_hex_ptr                          0x0800137f   Thumb Code    18  _printf_hex_int_ll_ptr.o(.text)
    _chval                                   0x08001395   Thumb Code    28  _chval.o(.text)
    __vfscanf_char                           0x080013bd   Thumb Code    24  scanf_char.o(.text)
    _sgetc                                   0x080013dd   Thumb Code    30  _sgetc.o(.text)
    _sbackspace                              0x080013fb   Thumb Code    34  _sgetc.o(.text)
    __aeabi_memcpy4                          0x0800141d   Thumb Code     0  rt_memcpy_w.o(.text)
    __aeabi_memcpy8                          0x0800141d   Thumb Code     0  rt_memcpy_w.o(.text)
    __rt_memcpy_w                            0x0800141d   Thumb Code   100  rt_memcpy_w.o(.text)
    _memcpy_lastbytes_aligned                0x08001465   Thumb Code     0  rt_memcpy_w.o(.text)
    _localtime_r                             0x08001481   Thumb Code   178  localtime_internal.o(.text)
    _n$localtime_r                           0x08001481   Thumb Code     0  localtime_internal.o(.text)
    __user_libspace                          0x08001539   Thumb Code     8  libspace.o(.text)
    __user_perproc_libspace                  0x08001539   Thumb Code     0  libspace.o(.text)
    __user_perthread_libspace                0x08001539   Thumb Code     0  libspace.o(.text)
    __Heap_ProvideMemory                     0x08001541   Thumb Code    52  h1_extend.o(.text)
    _ll_udiv10                               0x08001575   Thumb Code   138  lludiv10.o(.text)
    isspace                                  0x080015ff   Thumb Code    18  isspace.o(.text)
    _printf_int_common                       0x08001611   Thumb Code   178  _printf_intcommon.o(.text)
    __lib_sel_fp_printf                      0x080016c3   Thumb Code     2  _printf_fp_dec.o(.text)
    _printf_fp_dec_real                      0x08001875   Thumb Code   620  _printf_fp_dec.o(.text)
    _printf_fp_hex_real                      0x08001ae1   Thumb Code   756  _printf_fp_hex.o(.text)
    _printf_lcs_common                       0x08001ddd   Thumb Code    20  _printf_wchar.o(.text)
    _printf_wchar                            0x08001df1   Thumb Code    16  _printf_wchar.o(.text)
    _printf_wstring                          0x08001e01   Thumb Code     8  _printf_wchar.o(.text)
    __vfscanf                                0x08001e09   Thumb Code   880  _scanf.o(.text)
    _wcrtomb                                 0x0800217d   Thumb Code    64  _wcrtomb.o(.text)
    __rt_SIGRTMEM                            0x080021bd   Thumb Code    14  defsig_rtmem_outer.o(.text)
    strcmp                                   0x080021cd   Thumb Code   128  strcmpv7m.o(.text)
    __I$use$semihosting                      0x0800224d   Thumb Code     0  use_no_semi.o(.text)
    __use_no_semihosting_swi                 0x0800224d   Thumb Code     2  use_no_semi.o(.text)
    __semihosting_library_function           0x0800224f   Thumb Code     0  indicate_semi.o(.text)
    __user_setup_stackheap                   0x0800224f   Thumb Code    74  sys_stackheap_outer.o(.text)
    __rt_ctype_table                         0x08002299   Thumb Code    16  rt_ctype_table.o(.text)
    _printf_fp_infnan                        0x080022a9   Thumb Code   112  _printf_fp_infnan.o(.text)
    _btod_etento                             0x08002329   Thumb Code   224  bigflt0.o(.text)
    exit                                     0x0800240d   Thumb Code    18  exit.o(.text)
    __sig_exit                               0x0800241f   Thumb Code    10  defsig_exit.o(.text)
    __rt_SIGRTMEM_inner                      0x08002429   Thumb Code    22  defsig_rtmem_inner.o(.text)
    _sys_exit                                0x08002479   Thumb Code     8  sys_exit.o(.text)
    __default_signal_display                 0x08002485   Thumb Code    50  defsig_general.o(.text)
    _ttywrch                                 0x080024b7   Thumb Code    14  sys_wrch.o(.text)
    _btod_d2e                                0x080024c5   Thumb Code    62  btod.o(CL$$btod_d2e)
    _d2e_denorm_low                          0x08002503   Thumb Code    70  btod.o(CL$$btod_d2e_denorm_low)
    _d2e_norm_op1                            0x08002549   Thumb Code    96  btod.o(CL$$btod_d2e_norm_op1)
    __btod_div_common                        0x080025a9   Thumb Code   696  btod.o(CL$$btod_div_common)
    _e2e                                     0x080028e1   Thumb Code   220  btod.o(CL$$btod_e2e)
    _btod_ediv                               0x080029bd   Thumb Code    42  btod.o(CL$$btod_ediv)
    _btod_emul                               0x080029e7   Thumb Code    42  btod.o(CL$$btod_emul)
    __btod_mult_common                       0x08002a11   Thumb Code   580  btod.o(CL$$btod_mult_common)
    Air780FlagSet                            0x08002c55   Thumb Code     8  air780eg.o(i.Air780FlagSet)
    Air780_Clear                             0x08002c61   Thumb Code     8  air780eg.o(i.Air780_Clear)
    Air780_SendCmd                           0x08002c6d   Thumb Code    64  air780eg.o(i.Air780_SendCmd)
    Air780_WaitRecive                        0x08002cb5   Thumb Code    18  air780eg.o(i.Air780_WaitRecive)
    Air780eg_Init                            0x08002ccd   Thumb Code    40  air780eg.o(i.Air780eg_Init)
    BusFault_Handler                         0x08002d01   Thumb Code     2  stm32f1xx_it.o(i.BusFault_Handler)
    DMA1_Channel3_IRQHandler                 0x08002d05   Thumb Code     6  stm32f1xx_it.o(i.DMA1_Channel3_IRQHandler)
    DebugMon_Handler                         0x08002d3b   Thumb Code     2  stm32f1xx_it.o(i.DebugMon_Handler)
    Error_Handler                            0x08002d3d   Thumb Code     4  main.o(i.Error_Handler)
    GPSLocSend                               0x08002d41   Thumb Code    34  user_gpssend.o(i.GPSLocSend)
    GPS_CalcTimeStamp                        0x08002d79   Thumb Code    90  air780eg.o(i.GPS_CalcTimeStamp)
    GPS_GetLocationTime                      0x08002df5   Thumb Code    66  air780eg.o(i.GPS_GetLocationTime)
    Get_noise                                0x08002e71   Thumb Code    84  noisen.o(i.Get_noise)
    HAL_DMA_Abort                            0x08002ed9   Thumb Code    70  stm32f1xx_hal_dma.o(i.HAL_DMA_Abort)
    HAL_DMA_Abort_IT                         0x08002f21   Thumb Code   148  stm32f1xx_hal_dma.o(i.HAL_DMA_Abort_IT)
    HAL_DMA_IRQHandler                       0x08002fb9   Thumb Code   316  stm32f1xx_hal_dma.o(i.HAL_DMA_IRQHandler)
    HAL_DMA_Init                             0x0800310d   Thumb Code    84  stm32f1xx_hal_dma.o(i.HAL_DMA_Init)
    HAL_DMA_Start_IT                         0x08003169   Thumb Code   112  stm32f1xx_hal_dma.o(i.HAL_DMA_Start_IT)
    HAL_Delay                                0x080031d9   Thumb Code    32  stm32f1xx_hal.o(i.HAL_Delay)
    HAL_GPIO_Init                            0x080031fd   Thumb Code   446  stm32f1xx_hal_gpio.o(i.HAL_GPIO_Init)
    HAL_GPIO_ReadPin                         0x080033dd   Thumb Code    10  stm32f1xx_hal_gpio.o(i.HAL_GPIO_ReadPin)
    HAL_GPIO_TogglePin                       0x080033e7   Thumb Code    16  stm32f1xx_hal_gpio.o(i.HAL_GPIO_TogglePin)
    HAL_GPIO_WritePin                        0x080033f7   Thumb Code    10  stm32f1xx_hal_gpio.o(i.HAL_GPIO_WritePin)
    HAL_GetTick                              0x08003401   Thumb Code     6  stm32f1xx_hal.o(i.HAL_GetTick)
    HAL_I2C_Init                             0x0800340d   Thumb Code   376  stm32f1xx_hal_i2c.o(i.HAL_I2C_Init)
    HAL_I2C_Master_Transmit                  0x08003595   Thumb Code   290  stm32f1xx_hal_i2c.o(i.HAL_I2C_Master_Transmit)
    HAL_I2C_MspInit                          0x080036c1   Thumb Code    80  i2c.o(i.HAL_I2C_MspInit)
    HAL_I2C_WriteByte                        0x0800371d   Thumb Code    28  oled.o(i.HAL_I2C_WriteByte)
    HAL_IncTick                              0x0800373d   Thumb Code    12  stm32f1xx_hal.o(i.HAL_IncTick)
    HAL_Init                                 0x0800374d   Thumb Code    32  stm32f1xx_hal.o(i.HAL_Init)
    HAL_InitTick                             0x08003771   Thumb Code   132  stm32f1xx_hal_timebase_tim.o(i.HAL_InitTick)
    HAL_MspInit                              0x08003809   Thumb Code    62  stm32f1xx_hal_msp.o(i.HAL_MspInit)
    HAL_NVIC_EnableIRQ                       0x08003851   Thumb Code    26  stm32f1xx_hal_cortex.o(i.HAL_NVIC_EnableIRQ)
    HAL_NVIC_SetPriority                     0x0800386d   Thumb Code    60  stm32f1xx_hal_cortex.o(i.HAL_NVIC_SetPriority)
    HAL_NVIC_SetPriorityGrouping             0x080038ad   Thumb Code    26  stm32f1xx_hal_cortex.o(i.HAL_NVIC_SetPriorityGrouping)
    HAL_RCC_ClockConfig                      0x080038d1   Thumb Code   280  stm32f1xx_hal_rcc.o(i.HAL_RCC_ClockConfig)
    HAL_RCC_GetClockConfig                   0x080039fd   Thumb Code    54  stm32f1xx_hal_rcc.o(i.HAL_RCC_GetClockConfig)
    HAL_RCC_GetPCLK1Freq                     0x08003a3d   Thumb Code    20  stm32f1xx_hal_rcc.o(i.HAL_RCC_GetPCLK1Freq)
    HAL_RCC_GetPCLK2Freq                     0x08003a5d   Thumb Code    20  stm32f1xx_hal_rcc.o(i.HAL_RCC_GetPCLK2Freq)
    HAL_RCC_GetSysClockFreq                  0x08003a7d   Thumb Code    58  stm32f1xx_hal_rcc.o(i.HAL_RCC_GetSysClockFreq)
    HAL_RCC_OscConfig                        0x08003ac9   Thumb Code   778  stm32f1xx_hal_rcc.o(i.HAL_RCC_OscConfig)
    HAL_SPI_Init                             0x08003de9   Thumb Code   178  stm32f1xx_hal_spi.o(i.HAL_SPI_Init)
    HAL_SPI_MspInit                          0x08003e9d   Thumb Code   162  spi.o(i.HAL_SPI_MspInit)
    HAL_SPI_TransmitReceive                  0x08003f55   Thumb Code   494  stm32f1xx_hal_spi.o(i.HAL_SPI_TransmitReceive)
    HAL_TIMEx_BreakCallback                  0x08004143   Thumb Code     2  stm32f1xx_hal_tim_ex.o(i.HAL_TIMEx_BreakCallback)
    HAL_TIMEx_CommutCallback                 0x08004145   Thumb Code     2  stm32f1xx_hal_tim_ex.o(i.HAL_TIMEx_CommutCallback)
    HAL_TIM_Base_Init                        0x08004147   Thumb Code    90  stm32f1xx_hal_tim.o(i.HAL_TIM_Base_Init)
    HAL_TIM_Base_MspInit                     0x080041a1   Thumb Code     2  stm32f1xx_hal_tim.o(i.HAL_TIM_Base_MspInit)
    HAL_TIM_Base_Start_IT                    0x080041a5   Thumb Code    76  stm32f1xx_hal_tim.o(i.HAL_TIM_Base_Start_IT)
    HAL_TIM_IC_CaptureCallback               0x080041fd   Thumb Code     2  stm32f1xx_hal_tim.o(i.HAL_TIM_IC_CaptureCallback)
    HAL_TIM_IRQHandler                       0x080041ff   Thumb Code   358  stm32f1xx_hal_tim.o(i.HAL_TIM_IRQHandler)
    HAL_TIM_OC_DelayElapsedCallback          0x08004365   Thumb Code     2  stm32f1xx_hal_tim.o(i.HAL_TIM_OC_DelayElapsedCallback)
    HAL_TIM_PWM_PulseFinishedCallback        0x08004367   Thumb Code     2  stm32f1xx_hal_tim.o(i.HAL_TIM_PWM_PulseFinishedCallback)
    HAL_TIM_PeriodElapsedCallback            0x08004369   Thumb Code    14  main.o(i.HAL_TIM_PeriodElapsedCallback)
    HAL_TIM_TriggerCallback                  0x0800437d   Thumb Code     2  stm32f1xx_hal_tim.o(i.HAL_TIM_TriggerCallback)
    HAL_UARTEx_RxEventCallback               0x0800437f   Thumb Code     2  stm32f1xx_hal_uart.o(i.HAL_UARTEx_RxEventCallback)
    HAL_UART_DMAStop                         0x08004381   Thumb Code   112  stm32f1xx_hal_uart.o(i.HAL_UART_DMAStop)
    HAL_UART_ErrorCallback                   0x080043f1   Thumb Code     2  stm32f1xx_hal_uart.o(i.HAL_UART_ErrorCallback)
    HAL_UART_IRQHandler                      0x080043f5   Thumb Code   616  stm32f1xx_hal_uart.o(i.HAL_UART_IRQHandler)
    HAL_UART_Init                            0x08004661   Thumb Code   100  stm32f1xx_hal_uart.o(i.HAL_UART_Init)
    HAL_UART_MspInit                         0x080046c5   Thumb Code   292  usart.o(i.HAL_UART_MspInit)
    HAL_UART_Receive                         0x08004809   Thumb Code   172  stm32f1xx_hal_uart.o(i.HAL_UART_Receive)
    HAL_UART_Receive_DMA                     0x080048b5   Thumb Code    28  stm32f1xx_hal_uart.o(i.HAL_UART_Receive_DMA)
    HAL_UART_RxCpltCallback                  0x080048d1   Thumb Code     2  stm32f1xx_hal_uart.o(i.HAL_UART_RxCpltCallback)
    HAL_UART_RxHalfCpltCallback              0x080048d3   Thumb Code     2  stm32f1xx_hal_uart.o(i.HAL_UART_RxHalfCpltCallback)
    HAL_UART_Transmit                        0x080048d5   Thumb Code   154  stm32f1xx_hal_uart.o(i.HAL_UART_Transmit)
    HAL_UART_TxCpltCallback                  0x0800496f   Thumb Code     2  stm32f1xx_hal_uart.o(i.HAL_UART_TxCpltCallback)
    HardFault_Handler                        0x08004971   Thumb Code     2  stm32f1xx_it.o(i.HardFault_Handler)
    HardwaresInitTask                        0x08004975   Thumb Code   124  user_hardwaresinittask.o(i.HardwaresInitTask)
    LEDTask                                  0x08004cf5   Thumb Code    32  user_tasksinit.o(i.LEDTask)
    MX_DMA_Init                              0x08004d19   Thumb Code    40  dma.o(i.MX_DMA_Init)
    MX_FREERTOS_Init                         0x08004d45   Thumb Code    22  freertos.o(i.MX_FREERTOS_Init)
    MX_GPIO_Init                             0x08004d69   Thumb Code   206  gpio.o(i.MX_GPIO_Init)
    MX_I2C1_Init                             0x08004e49   Thumb Code    50  i2c.o(i.MX_I2C1_Init)
    MX_SPI1_Init                             0x08004e89   Thumb Code    62  spi.o(i.MX_SPI1_Init)
    MX_SPI2_Init                             0x08004ed1   Thumb Code    60  spi.o(i.MX_SPI2_Init)
    MX_USART1_UART_Init                      0x08004f15   Thumb Code    48  usart.o(i.MX_USART1_UART_Init)
    MX_USART2_UART_Init                      0x08004f4d   Thumb Code    48  usart.o(i.MX_USART2_UART_Init)
    MX_USART3_UART_Init                      0x08004f85   Thumb Code    48  usart.o(i.MX_USART3_UART_Init)
    MemManage_Handler                        0x08004fbd   Thumb Code     2  stm32f1xx_it.o(i.MemManage_Handler)
    NMI_Handler                              0x08004fbf   Thumb Code     2  stm32f1xx_it.o(i.NMI_Handler)
    NRF24L01_Check                           0x08004fc1   Thumb Code    62  24l01.o(i.NRF24L01_Check)
    NRF24L01_Read_Buf                        0x08005009   Thumb Code    68  24l01.o(i.NRF24L01_Read_Buf)
    NRF24L01_Read_Reg                        0x08005051   Thumb Code    44  24l01.o(i.NRF24L01_Read_Reg)
    NRF24L01_TX_Mode                         0x08005081   Thumb Code   102  24l01.o(i.NRF24L01_TX_Mode)
    NRF24L01_TxPacket                        0x080050f1   Thumb Code    96  24l01.o(i.NRF24L01_TxPacket)
    NRF24L01_Write_Buf                       0x08005155   Thumb Code    68  24l01.o(i.NRF24L01_Write_Buf)
    NRF24L01_Write_Reg                       0x0800519d   Thumb Code    46  24l01.o(i.NRF24L01_Write_Reg)
    NoiseSend                                0x080051d1   Thumb Code    56  user_noisesend.o(i.NoiseSend)
    NoiseSendHistroy                         0x08005211   Thumb Code    40  user_noisesend.o(i.NoiseSendHistroy)
    OLEDShow                                 0x08005245   Thumb Code    92  user_oeldshow.o(i.OLEDShow)
    OLED_Clear                               0x080052c5   Thumb Code    38  oled.o(i.OLED_Clear)
    OLED_Init                                0x080052eb   Thumb Code   156  oled.o(i.OLED_Init)
    OLED_Pow                                 0x08005387   Thumb Code    14  oled.o(i.OLED_Pow)
    OLED_SetCursor                           0x08005395   Thumb Code    34  oled.o(i.OLED_SetCursor)
    OLED_ShowChar                            0x080053b9   Thumb Code    98  oled.o(i.OLED_ShowChar)
    OLED_ShowNum                             0x08005421   Thumb Code    66  oled.o(i.OLED_ShowNum)
    OLED_ShowString                          0x08005463   Thumb Code    38  oled.o(i.OLED_ShowString)
    OLED_WriteCommand                        0x08005489   Thumb Code     8  oled.o(i.OLED_WriteCommand)
    OLED_WriteData                           0x08005491   Thumb Code     8  oled.o(i.OLED_WriteData)
    SPI1_ReadWriteByte                       0x08005499   Thumb Code    28  24l01.o(i.SPI1_ReadWriteByte)
    StartDefaultTask                         0x08005591   Thumb Code    12  freertos.o(i.StartDefaultTask)
    SysTick_Handler                          0x0800559d   Thumb Code    38  port.o(i.SysTick_Handler)
    SystemClock_Config                       0x080055c9   Thumb Code    94  main.o(i.SystemClock_Config)
    SystemInit                               0x08005627   Thumb Code     2  system_stm32f1xx.o(i.SystemInit)
    TIM4_IRQHandler                          0x08005629   Thumb Code    38  stm32f1xx_it.o(i.TIM4_IRQHandler)
    TIM_Base_SetConfig                       0x0800565d   Thumb Code    94  stm32f1xx_hal_tim.o(i.TIM_Base_SetConfig)
    Timestamp_To_DateTime                    0x080056c9   Thumb Code    38  air780eg.o(i.Timestamp_To_DateTime)
    UART_Start_Receive_DMA                   0x080059f1   Thumb Code   130  stm32f1xx_hal_uart.o(i.UART_Start_Receive_DMA)
    USART3_IRQHandler                        0x08005af9   Thumb Code    52  stm32f1xx_it.o(i.USART3_IRQHandler)
    UsageFault_Handler                       0x08005b35   Thumb Code     2  stm32f1xx_it.o(i.UsageFault_Handler)
    User_Tasks_Init                          0x08005b39   Thumb Code    60  user_tasksinit.o(i.User_Tasks_Init)
    __ARM_fpclassify                         0x08005b8d   Thumb Code    40  fpclassify.o(i.__ARM_fpclassify)
    _is_digit                                0x08005bd5   Thumb Code    14  __printf_wp.o(i._is_digit)
    main                                     0x08005be5   Thumb Code    76  main.o(i.main)
    osDelay                                  0x08005c39   Thumb Code    46  cmsis_os2.o(i.osDelay)
    osDelayUntil                             0x08005c6d   Thumb Code    56  cmsis_os2.o(i.osDelayUntil)
    osKernelGetTickCount                     0x08005ca9   Thumb Code    34  cmsis_os2.o(i.osKernelGetTickCount)
    osKernelInitialize                       0x08005cd1   Thumb Code    50  cmsis_os2.o(i.osKernelInitialize)
    osKernelStart                            0x08005d09   Thumb Code    58  cmsis_os2.o(i.osKernelStart)
    osThreadNew                              0x08005d49   Thumb Code   160  cmsis_os2.o(i.osThreadNew)
    pvPortMalloc                             0x08006531   Thumb Code   210  heap_4.o(i.pvPortMalloc)
    pxPortInitialiseStack                    0x08006609   Thumb Code    32  port.o(i.pxPortInitialiseStack)
    spi2_read_write_byte                     0x0800662d   Thumb Code    34  w25q128.o(i.spi2_read_write_byte)
    uxListRemove                             0x08006655   Thumb Code    38  list.o(i.uxListRemove)
    vApplicationGetIdleTaskMemory            0x0800667d   Thumb Code    16  cmsis_os2.o(i.vApplicationGetIdleTaskMemory)
    vApplicationGetTimerTaskMemory           0x08006691   Thumb Code    18  cmsis_os2.o(i.vApplicationGetTimerTaskMemory)
    vGetNowIndex                             0x080066a9   Thumb Code    10  w25q128.o(i.vGetNowIndex)
    vListInitialise                          0x080066bd   Thumb Code    22  list.o(i.vListInitialise)
    vListInitialiseItem                      0x080066d3   Thumb Code     6  list.o(i.vListInitialiseItem)
    vListInsert                              0x080066d9   Thumb Code    48  list.o(i.vListInsert)
    vListInsertEnd                           0x08006709   Thumb Code    24  list.o(i.vListInsertEnd)
    vPortEnterCritical                       0x08006721   Thumb Code    54  port.o(i.vPortEnterCritical)
    vPortExitCritical                        0x08006761   Thumb Code    34  port.o(i.vPortExitCritical)
    vPortFree                                0x08006789   Thumb Code    88  heap_4.o(i.vPortFree)
    vPortSetupTimerInterrupt                 0x080067e5   Thumb Code    32  port.o(i.vPortSetupTimerInterrupt)
    vPortValidateInterruptPriority           0x08006809   Thumb Code    74  port.o(i.vPortValidateInterruptPriority)
    vQueueAddToRegistry                      0x0800685d   Thumb Code    34  queue.o(i.vQueueAddToRegistry)
    vQueueWaitForMessageRestricted           0x08006885   Thumb Code    68  queue.o(i.vQueueWaitForMessageRestricted)
    vSaveAddrIndexUpdate                     0x080068c9   Thumb Code    10  w25q128.o(i.vSaveAddrIndexUpdate)
    vSaveNowIndex                            0x080068d9   Thumb Code    10  w25q128.o(i.vSaveNowIndex)
    vSaveNowMesureValue                      0x080068ed   Thumb Code    34  w25q128.o(i.vSaveNowMesureValue)
    vTaskDelay                               0x08006919   Thumb Code    66  tasks.o(i.vTaskDelay)
    vTaskDelayUntil                          0x08006965   Thumb Code   132  tasks.o(i.vTaskDelayUntil)
    vTaskDelete                              0x080069f1   Thumb Code   130  tasks.o(i.vTaskDelete)
    vTaskInternalSetTimeOutState             0x08006a81   Thumb Code    12  tasks.o(i.vTaskInternalSetTimeOutState)
    vTaskMissedYield                         0x08006a91   Thumb Code     8  tasks.o(i.vTaskMissedYield)
    vTaskPlaceOnEventList                    0x08006a9d   Thumb Code    44  tasks.o(i.vTaskPlaceOnEventList)
    vTaskPlaceOnEventListRestricted          0x08006acd   Thumb Code    52  tasks.o(i.vTaskPlaceOnEventListRestricted)
    vTaskStartScheduler                      0x08006b05   Thumb Code   118  tasks.o(i.vTaskStartScheduler)
    vTaskSuspendAll                          0x08006b8d   Thumb Code    10  tasks.o(i.vTaskSuspendAll)
    vTaskSwitchContext                       0x08006b9d   Thumb Code    90  tasks.o(i.vTaskSwitchContext)
    w25q128_erase_sector                     0x08006c01   Thumb Code    58  w25q128.o(i.w25q128_erase_sector)
    w25q128_init                             0x08006c41   Thumb Code    38  w25q128.o(i.w25q128_init)
    w25q128_rd_sr1                           0x08006c6d   Thumb Code    46  w25q128.o(i.w25q128_rd_sr1)
    w25q128_read                             0x08006ca1   Thumb Code    74  w25q128.o(i.w25q128_read)
    w25q128_read_id                          0x08006cf1   Thumb Code    60  w25q128.o(i.w25q128_read_id)
    w25q128_write                            0x08006d61   Thumb Code   164  w25q128.o(i.w25q128_write)
    w25q128_write_enable                     0x08006e05   Thumb Code    38  w25q128.o(i.w25q128_write_enable)
    xPortStartScheduler                      0x08006eb1   Thumb Code   154  port.o(i.xPortStartScheduler)
    xQueueGenericCreateStatic                0x08006f59   Thumb Code   102  queue.o(i.xQueueGenericCreateStatic)
    xQueueGenericReset                       0x08006fc1   Thumb Code   132  queue.o(i.xQueueGenericReset)
    xQueueGenericSend                        0x08007049   Thumb Code   346  queue.o(i.xQueueGenericSend)
    xQueueGenericSendFromISR                 0x080071a9   Thumb Code   188  queue.o(i.xQueueGenericSendFromISR)
    xQueueReceive                            0x08007265   Thumb Code   308  queue.o(i.xQueueReceive)
    xTaskCheckForTimeOut                     0x0800739d   Thumb Code   112  tasks.o(i.xTaskCheckForTimeOut)
    xTaskCreate                              0x08007411   Thumb Code    90  tasks.o(i.xTaskCreate)
    xTaskCreateStatic                        0x0800746b   Thumb Code    86  tasks.o(i.xTaskCreateStatic)
    xTaskGetSchedulerState                   0x080074c1   Thumb Code    22  tasks.o(i.xTaskGetSchedulerState)
    xTaskGetTickCount                        0x080074dd   Thumb Code     6  tasks.o(i.xTaskGetTickCount)
    xTaskGetTickCountFromISR                 0x080074e9   Thumb Code    12  tasks.o(i.xTaskGetTickCountFromISR)
    xTaskIncrementTick                       0x080074f9   Thumb Code   190  tasks.o(i.xTaskIncrementTick)
    xTaskPriorityDisinherit                  0x080075c1   Thumb Code   118  tasks.o(i.xTaskPriorityDisinherit)
    xTaskRemoveFromEventList                 0x08007641   Thumb Code    98  tasks.o(i.xTaskRemoveFromEventList)
    xTaskResumeAll                           0x080076b1   Thumb Code   182  tasks.o(i.xTaskResumeAll)
    xTimerCreateTimerTask                    0x08007775   Thumb Code    78  timers.o(i.xTimerCreateTimerTask)
    xTimerGenericCommand                     0x080077d5   Thumb Code    98  timers.o(i.xTimerGenericCommand)
    _get_lc_time                             0x0800783d   Thumb Code    44  lc_time_c.o(locale$$code)
    _get_lc_numeric                          0x08007869   Thumb Code    44  lc_numeric_c.o(locale$$code)
    _get_lc_ctype                            0x08007895   Thumb Code    44  lc_ctype_c.o(locale$$code)
    _printf_fp_dec                           0x080078c1   Thumb Code     4  printf1.o(x$fpl$printf1)
    _printf_fp_hex                           0x080078c5   Thumb Code     4  printf2.o(x$fpl$printf2)
    __I$use$fp                               0x080078c8   Number         0  usenofp.o(x$fpl$usenofp)
    defaultTask_attributes                   0x080078c8   Data          36  freertos.o(.constdata)
    AHBPrescTable                            0x080078fe   Data          16  system_stm32f1xx.o(.constdata)
    APBPrescTable                            0x0800790e   Data           8  system_stm32f1xx.o(.constdata)
    TX_ADDRESS                               0x08007916   Data           5  24l01.o(.constdata)
    RX_ADDRESS                               0x0800791b   Data           5  24l01.o(.constdata)
    AT_Init                                  0x08007920   Data           5  air780eg.o(.constdata)
    AT_SAPBR_active                          0x08007925   Data          15  air780eg.o(.constdata)
    AT_CIPGSMLOC                             0x08007934   Data          19  air780eg.o(.constdata)
    ask_noise                                0x08007947   Data           8  noisen.o(.constdata)
    OLED_F8x16                               0x0800794f   Data        1520  oled.o(.constdata)
    OLED_F16x16                              0x08007f3f   Data         160  oled.o(.constdata)
    HardwaresInitTask_attributes             0x08007fe0   Data          36  user_tasksinit.o(.constdata)
    LEDTask_attributes                       0x08008004   Data          36  user_tasksinit.o(.constdata)
    MeasureSendTask_attributes               0x08008028   Data          36  user_tasksinit.o(.constdata)
    OLEDTask_attributes                      0x0800804c   Data          36  user_tasksinit.o(.constdata)
    _monlen                                  0x080080b4   Data          12  _monlen.o(.constdata)
    Region$$Table$$Base                      0x080081c0   Number         0  anon$$obj.o(Region$$Table)
    Region$$Table$$Limit                     0x080081e0   Number         0  anon$$obj.o(Region$$Table)
    __ctype                                  0x08008389   Data           0  lc_ctype_c.o(locale$$data)
    defaultTaskHandle                        0x20000000   Data           4  freertos.o(.data)
    uwTickFreq                               0x20000008   Data           1  stm32f1xx_hal.o(.data)
    uwTickPrio                               0x2000000c   Data           4  stm32f1xx_hal.o(.data)
    uwTick                                   0x20000010   Data           4  stm32f1xx_hal.o(.data)
    SystemCoreClock                          0x20000014   Data           4  system_stm32f1xx.o(.data)
    pxCurrentTCB                             0x20000018   Data           4  tasks.o(.data)
    txdata                                   0x20000090   Data          32  24l01.o(.data)
    txdata_loc                               0x200000b0   Data          32  24l01.o(.data)
    sysTimeStamp                             0x200000d4   Data           4  air780eg.o(.data)
    ulFLASHFrameIndex                        0x200000e0   Data           4  w25q128.o(.data)
    ucFLASHFrame                             0x200000e4   Data           7  w25q128.o(.data)
    getLocationTimeFlag                      0x200000ec   Data           1  user_noisesend.o(.data)
    HardwaresInitTaskHandle                  0x200000f8   Data           4  user_tasksinit.o(.data)
    LEDTaskHandle                            0x200000fc   Data           4  user_tasksinit.o(.data)
    MeasureSendTaskHandle                    0x20000100   Data           4  user_tasksinit.o(.data)
    OLEDTaskHandle                           0x20000104   Data           4  user_tasksinit.o(.data)
    defaultTaskBuffer                        0x20000108   Data         512  freertos.o(.bss)
    defaultTaskControlBlock                  0x20000308   Data          92  freertos.o(.bss)
    hi2c1                                    0x20000364   Data          84  i2c.o(.bss)
    hspi1                                    0x200003b8   Data          88  spi.o(.bss)
    hspi2                                    0x20000410   Data          88  spi.o(.bss)
    huart1                                   0x20000468   Data          72  usart.o(.bss)
    huart2                                   0x200004b0   Data          72  usart.o(.bss)
    huart3                                   0x200004f8   Data          72  usart.o(.bss)
    hdma_usart3_rx                           0x20000540   Data          68  usart.o(.bss)
    htim4                                    0x20000584   Data          72  stm32f1xx_hal_timebase_tim.o(.bss)
    xQueueRegistry                           0x200005cc   Data          64  queue.o(.bss)
    Air780_rec_buf                           0x20003aa0   Data         100  air780eg.o(.bss)
    latitude                                 0x20003b04   Data          20  air780eg.o(.bss)
    longitude                                0x20003b18   Data          20  air780eg.o(.bss)
    dateStr                                  0x20003b2c   Data          11  air780eg.o(.bss)
    timeStr                                  0x20003b37   Data           9  air780eg.o(.bss)
    __libspace_start                         0x20003b6c   Data          96  libspace.o(.bss)
    __temporary_stack_top$libspace           0x20003bcc   Data           0  libspace.o(.bss)



==============================================================================

Memory Map of the image

  Image Entry point : 0x080000ed

  Load Region LR_IROM1 (Base: 0x08000000, Size: 0x00008594, Max: 0x00010000, ABSOLUTE)

    Execution Region ER_IROM1 (Exec base: 0x08000000, Load base: 0x08000000, Size: 0x0000848c, Max: 0x00010000, ABSOLUTE)

    Exec Addr    Load Addr    Size         Type   Attr      Idx    E Section Name        Object

    0x08000000   0x08000000   0x000000ec   Data   RO            3    RESET               startup_stm32f103xb.o
    0x080000ec   0x080000ec   0x00000008   Code   RO         6123  * !!!main             c_w.l(__main.o)
    0x080000f4   0x080000f4   0x00000034   Code   RO         6484    !!!scatter          c_w.l(__scatter.o)
    0x08000128   0x08000128   0x0000001a   Code   RO         6486    !!handler_copy      c_w.l(__scatter_copy.o)
    0x08000142   0x08000142   0x00000002   PAD
    0x08000144   0x08000144   0x0000001c   Code   RO         6488    !!handler_zi        c_w.l(__scatter_zi.o)
    0x08000160   0x08000160   0x00000000   Code   RO         6093    .ARM.Collect$$_printf_percent$$00000000  c_w.l(_printf_percent.o)
    0x08000160   0x08000160   0x00000006   Code   RO         6207    .ARM.Collect$$_printf_percent$$00000001  c_w.l(_printf_n.o)
    0x08000166   0x08000166   0x00000006   Code   RO         6209    .ARM.Collect$$_printf_percent$$00000002  c_w.l(_printf_p.o)
    0x0800016c   0x0800016c   0x00000006   Code   RO         6214    .ARM.Collect$$_printf_percent$$00000003  c_w.l(_printf_f.o)
    0x08000172   0x08000172   0x00000006   Code   RO         6215    .ARM.Collect$$_printf_percent$$00000004  c_w.l(_printf_e.o)
    0x08000178   0x08000178   0x00000006   Code   RO         6216    .ARM.Collect$$_printf_percent$$00000005  c_w.l(_printf_g.o)
    0x0800017e   0x0800017e   0x00000006   Code   RO         6217    .ARM.Collect$$_printf_percent$$00000006  c_w.l(_printf_a.o)
    0x08000184   0x08000184   0x0000000a   Code   RO         6222    .ARM.Collect$$_printf_percent$$00000007  c_w.l(_printf_ll.o)
    0x0800018e   0x0800018e   0x00000006   Code   RO         6211    .ARM.Collect$$_printf_percent$$00000008  c_w.l(_printf_i.o)
    0x08000194   0x08000194   0x00000006   Code   RO         6212    .ARM.Collect$$_printf_percent$$00000009  c_w.l(_printf_d.o)
    0x0800019a   0x0800019a   0x00000006   Code   RO         6213    .ARM.Collect$$_printf_percent$$0000000A  c_w.l(_printf_u.o)
    0x080001a0   0x080001a0   0x00000006   Code   RO         6210    .ARM.Collect$$_printf_percent$$0000000B  c_w.l(_printf_o.o)
    0x080001a6   0x080001a6   0x00000006   Code   RO         6208    .ARM.Collect$$_printf_percent$$0000000C  c_w.l(_printf_x.o)
    0x080001ac   0x080001ac   0x00000006   Code   RO         6219    .ARM.Collect$$_printf_percent$$0000000D  c_w.l(_printf_lli.o)
    0x080001b2   0x080001b2   0x00000006   Code   RO         6220    .ARM.Collect$$_printf_percent$$0000000E  c_w.l(_printf_lld.o)
    0x080001b8   0x080001b8   0x00000006   Code   RO         6221    .ARM.Collect$$_printf_percent$$0000000F  c_w.l(_printf_llu.o)
    0x080001be   0x080001be   0x00000006   Code   RO         6226    .ARM.Collect$$_printf_percent$$00000010  c_w.l(_printf_llo.o)
    0x080001c4   0x080001c4   0x00000006   Code   RO         6227    .ARM.Collect$$_printf_percent$$00000011  c_w.l(_printf_llx.o)
    0x080001ca   0x080001ca   0x0000000a   Code   RO         6223    .ARM.Collect$$_printf_percent$$00000012  c_w.l(_printf_l.o)
    0x080001d4   0x080001d4   0x00000006   Code   RO         6206    .ARM.Collect$$_printf_percent$$00000013  c_w.l(_printf_c.o)
    0x080001da   0x080001da   0x00000006   Code   RO         6092    .ARM.Collect$$_printf_percent$$00000014  c_w.l(_printf_s.o)
    0x080001e0   0x080001e0   0x00000006   Code   RO         6224    .ARM.Collect$$_printf_percent$$00000015  c_w.l(_printf_lc.o)
    0x080001e6   0x080001e6   0x00000006   Code   RO         6225    .ARM.Collect$$_printf_percent$$00000016  c_w.l(_printf_ls.o)
    0x080001ec   0x080001ec   0x00000004   Code   RO         6218    .ARM.Collect$$_printf_percent$$00000017  c_w.l(_printf_percent_end.o)
    0x080001f0   0x080001f0   0x00000002   Code   RO         6413    .ARM.Collect$$libinit$$00000000  c_w.l(libinit.o)
    0x080001f2   0x080001f2   0x00000000   Code   RO         6245    .ARM.Collect$$libinit$$00000002  c_w.l(libinit2.o)
    0x080001f2   0x080001f2   0x00000000   Code   RO         6247    .ARM.Collect$$libinit$$00000004  c_w.l(libinit2.o)
    0x080001f2   0x080001f2   0x00000008   Code   RO         6248    .ARM.Collect$$libinit$$00000005  c_w.l(libinit2.o)
    0x080001fa   0x080001fa   0x00000000   Code   RO         6250    .ARM.Collect$$libinit$$0000000A  c_w.l(libinit2.o)
    0x080001fa   0x080001fa   0x00000000   Code   RO         6252    .ARM.Collect$$libinit$$0000000C  c_w.l(libinit2.o)
    0x080001fa   0x080001fa   0x00000000   Code   RO         6254    .ARM.Collect$$libinit$$0000000E  c_w.l(libinit2.o)
    0x080001fa   0x080001fa   0x00000006   Code   RO         6255    .ARM.Collect$$libinit$$0000000F  c_w.l(libinit2.o)
    0x08000200   0x08000200   0x00000000   Code   RO         6257    .ARM.Collect$$libinit$$00000011  c_w.l(libinit2.o)
    0x08000200   0x08000200   0x0000000c   Code   RO         6258    .ARM.Collect$$libinit$$00000012  c_w.l(libinit2.o)
    0x0800020c   0x0800020c   0x00000000   Code   RO         6259    .ARM.Collect$$libinit$$00000013  c_w.l(libinit2.o)
    0x0800020c   0x0800020c   0x00000000   Code   RO         6261    .ARM.Collect$$libinit$$00000015  c_w.l(libinit2.o)
    0x0800020c   0x0800020c   0x0000000a   Code   RO         6262    .ARM.Collect$$libinit$$00000016  c_w.l(libinit2.o)
    0x08000216   0x08000216   0x00000000   Code   RO         6263    .ARM.Collect$$libinit$$00000017  c_w.l(libinit2.o)
    0x08000216   0x08000216   0x0000000a   Code   RO         6264    .ARM.Collect$$libinit$$00000018  c_w.l(libinit2.o)
    0x08000220   0x08000220   0x00000000   Code   RO         6265    .ARM.Collect$$libinit$$00000019  c_w.l(libinit2.o)
    0x08000220   0x08000220   0x00000000   Code   RO         6267    .ARM.Collect$$libinit$$0000001B  c_w.l(libinit2.o)
    0x08000220   0x08000220   0x00000000   Code   RO         6269    .ARM.Collect$$libinit$$0000001D  c_w.l(libinit2.o)
    0x08000220   0x08000220   0x00000000   Code   RO         6271    .ARM.Collect$$libinit$$0000001F  c_w.l(libinit2.o)
    0x08000220   0x08000220   0x00000000   Code   RO         6273    .ARM.Collect$$libinit$$00000021  c_w.l(libinit2.o)
    0x08000220   0x08000220   0x00000000   Code   RO         6275    .ARM.Collect$$libinit$$00000023  c_w.l(libinit2.o)
    0x08000220   0x08000220   0x00000000   Code   RO         6277    .ARM.Collect$$libinit$$00000025  c_w.l(libinit2.o)
    0x08000220   0x08000220   0x00000000   Code   RO         6281    .ARM.Collect$$libinit$$0000002C  c_w.l(libinit2.o)
    0x08000220   0x08000220   0x00000000   Code   RO         6283    .ARM.Collect$$libinit$$0000002E  c_w.l(libinit2.o)
    0x08000220   0x08000220   0x00000000   Code   RO         6285    .ARM.Collect$$libinit$$00000030  c_w.l(libinit2.o)
    0x08000220   0x08000220   0x00000000   Code   RO         6287    .ARM.Collect$$libinit$$00000032  c_w.l(libinit2.o)
    0x08000220   0x08000220   0x00000002   Code   RO         6288    .ARM.Collect$$libinit$$00000033  c_w.l(libinit2.o)
    0x08000222   0x08000222   0x00000002   Code   RO         6481    .ARM.Collect$$libshutdown$$00000000  c_w.l(libshutdown.o)
    0x08000224   0x08000224   0x00000000   Code   RO         6435    .ARM.Collect$$libshutdown$$00000002  c_w.l(libshutdown2.o)
    0x08000224   0x08000224   0x00000000   Code   RO         6437    .ARM.Collect$$libshutdown$$00000004  c_w.l(libshutdown2.o)
    0x08000224   0x08000224   0x00000000   Code   RO         6439    .ARM.Collect$$libshutdown$$00000006  c_w.l(libshutdown2.o)
    0x08000224   0x08000224   0x00000000   Code   RO         6442    .ARM.Collect$$libshutdown$$00000009  c_w.l(libshutdown2.o)
    0x08000224   0x08000224   0x00000000   Code   RO         6445    .ARM.Collect$$libshutdown$$0000000C  c_w.l(libshutdown2.o)
    0x08000224   0x08000224   0x00000000   Code   RO         6447    .ARM.Collect$$libshutdown$$0000000E  c_w.l(libshutdown2.o)
    0x08000224   0x08000224   0x00000000   Code   RO         6450    .ARM.Collect$$libshutdown$$00000011  c_w.l(libshutdown2.o)
    0x08000224   0x08000224   0x00000002   Code   RO         6451    .ARM.Collect$$libshutdown$$00000012  c_w.l(libshutdown2.o)
    0x08000226   0x08000226   0x00000000   Code   RO         6127    .ARM.Collect$$rtentry$$00000000  c_w.l(__rtentry.o)
    0x08000226   0x08000226   0x00000000   Code   RO         6303    .ARM.Collect$$rtentry$$00000002  c_w.l(__rtentry2.o)
    0x08000226   0x08000226   0x00000006   Code   RO         6315    .ARM.Collect$$rtentry$$00000004  c_w.l(__rtentry4.o)
    0x0800022c   0x0800022c   0x00000000   Code   RO         6305    .ARM.Collect$$rtentry$$00000009  c_w.l(__rtentry2.o)
    0x0800022c   0x0800022c   0x00000004   Code   RO         6306    .ARM.Collect$$rtentry$$0000000A  c_w.l(__rtentry2.o)
    0x08000230   0x08000230   0x00000000   Code   RO         6308    .ARM.Collect$$rtentry$$0000000C  c_w.l(__rtentry2.o)
    0x08000230   0x08000230   0x00000008   Code   RO         6309    .ARM.Collect$$rtentry$$0000000D  c_w.l(__rtentry2.o)
    0x08000238   0x08000238   0x00000002   Code   RO         6421    .ARM.Collect$$rtexit$$00000000  c_w.l(rtexit.o)
    0x0800023a   0x0800023a   0x00000000   Code   RO         6455    .ARM.Collect$$rtexit$$00000002  c_w.l(rtexit2.o)
    0x0800023a   0x0800023a   0x00000004   Code   RO         6456    .ARM.Collect$$rtexit$$00000003  c_w.l(rtexit2.o)
    0x0800023e   0x0800023e   0x00000006   Code   RO         6457    .ARM.Collect$$rtexit$$00000004  c_w.l(rtexit2.o)
    0x08000244   0x08000244   0x00000096   Code   RO         5283    .emb_text           port.o
    0x080002da   0x080002da   0x00000002   PAD
    0x080002dc   0x080002dc   0x00000000   Code   RO         6319    .emb_text           c_w.l(maybetermalloc1.o)
    0x080002dc   0x080002dc   0x00000040   Code   RO            4    .text               startup_stm32f103xb.o
    0x0800031c   0x0800031c   0x0000005e   Code   RO         6002    .text               c_w.l(h1_alloc.o)
    0x0800037a   0x0800037a   0x0000004e   Code   RO         6004    .text               c_w.l(h1_free.o)
    0x080003c8   0x080003c8   0x0000002c   Code   RO         6062    .text               c_w.l(sprintf.o)
    0x080003f4   0x080003f4   0x00000038   Code   RO         6064    .text               c_w.l(__2snprintf.o)
    0x0800042c   0x0800042c   0x00000052   Code   RO         6070    .text               c_w.l(_printf_str.o)
    0x0800047e   0x0800047e   0x00000002   PAD
    0x08000480   0x08000480   0x00000188   Code   RO         6089    .text               c_w.l(__printf_flags_ss_wp.o)
    0x08000608   0x08000608   0x0000003c   Code   RO         6094    .text               c_w.l(__0sscanf.o)
    0x08000644   0x08000644   0x0000014c   Code   RO         6096    .text               c_w.l(_scanf_int.o)
    0x08000790   0x08000790   0x000000e0   Code   RO         6098    .text               c_w.l(_scanf_str.o)
    0x08000870   0x08000870   0x00000024   Code   RO         6100    .text               c_w.l(strstr.o)
    0x08000894   0x08000894   0x0000003e   Code   RO         6102    .text               c_w.l(strlen.o)
    0x080008d2   0x080008d2   0x0000008a   Code   RO         6104    .text               c_w.l(rt_memcpy_v6.o)
    0x0800095c   0x0800095c   0x00000010   Code   RO         6108    .text               c_w.l(aeabi_memset.o)
    0x0800096c   0x0800096c   0x00000044   Code   RO         6110    .text               c_w.l(rt_memclr.o)
    0x080009b0   0x080009b0   0x0000004e   Code   RO         6112    .text               c_w.l(rt_memclr_w.o)
    0x080009fe   0x080009fe   0x00000002   PAD
    0x08000a00   0x08000a00   0x0000000c   Code   RO         6114    .text               c_w.l(localtime.o)
    0x08000a0c   0x08000a0c   0x000001ac   Code   RO         6117    .text               c_w.l(mktime.o)
    0x08000bb8   0x08000bb8   0x00000360   Code   RO         6119    .text               c_w.l(strftime.o)
    0x08000f18   0x08000f18   0x00000006   Code   RO         6121    .text               c_w.l(heapauxi.o)
    0x08000f1e   0x08000f1e   0x00000002   PAD
    0x08000f20   0x08000f20   0x00000008   Code   RO         6131    .text               c_w.l(rt_heap_descriptor_intlibspace.o)
    0x08000f28   0x08000f28   0x00000008   Code   RO         6136    .text               c_w.l(rt_locale_intlibspace.o)
    0x08000f30   0x08000f30   0x00000004   Code   RO         6138    .text               c_w.l(hguard.o)
    0x08000f34   0x08000f34   0x0000008a   Code   RO         6140    .text               c_w.l(init_alloc.o)
    0x08000fbe   0x08000fbe   0x0000000e   Code   RO         6144    .text               c_w.l(h1_init.o)
    0x08000fcc   0x08000fcc   0x0000004e   Code   RO         6158    .text               c_w.l(_printf_pad.o)
    0x0800101a   0x0800101a   0x00000024   Code   RO         6160    .text               c_w.l(_printf_truncate.o)
    0x0800103e   0x0800103e   0x00000002   PAD
    0x08001040   0x08001040   0x00000078   Code   RO         6162    .text               c_w.l(_printf_dec.o)
    0x080010b8   0x080010b8   0x00000028   Code   RO         6164    .text               c_w.l(_printf_charcount.o)
    0x080010e0   0x080010e0   0x00000030   Code   RO         6166    .text               c_w.l(_printf_char_common.o)
    0x08001110   0x08001110   0x0000000a   Code   RO         6168    .text               c_w.l(_sputc.o)
    0x0800111a   0x0800111a   0x00000010   Code   RO         6170    .text               c_w.l(_snputc.o)
    0x0800112a   0x0800112a   0x0000002c   Code   RO         6172    .text               c_w.l(_printf_char.o)
    0x08001156   0x08001156   0x00000002   PAD
    0x08001158   0x08001158   0x000000bc   Code   RO         6174    .text               c_w.l(_printf_wctomb.o)
    0x08001214   0x08001214   0x0000007c   Code   RO         6177    .text               c_w.l(_printf_longlong_dec.o)
    0x08001290   0x08001290   0x00000070   Code   RO         6183    .text               c_w.l(_printf_oct_int_ll.o)
    0x08001300   0x08001300   0x00000094   Code   RO         6203    .text               c_w.l(_printf_hex_int_ll_ptr.o)
    0x08001394   0x08001394   0x0000001c   Code   RO         6228    .text               c_w.l(_chval.o)
    0x080013b0   0x080013b0   0x0000002c   Code   RO         6230    .text               c_w.l(scanf_char.o)
    0x080013dc   0x080013dc   0x00000040   Code   RO         6232    .text               c_w.l(_sgetc.o)
    0x0800141c   0x0800141c   0x00000064   Code   RO         6237    .text               c_w.l(rt_memcpy_w.o)
    0x08001480   0x08001480   0x000000b8   Code   RO         6240    .text               c_w.l(localtime_internal.o)
    0x08001538   0x08001538   0x00000008   Code   RO         6299    .text               c_w.l(libspace.o)
    0x08001540   0x08001540   0x00000034   Code   RO         6321    .text               c_w.l(h1_extend.o)
    0x08001574   0x08001574   0x0000008a   Code   RO         6325    .text               c_w.l(lludiv10.o)
    0x080015fe   0x080015fe   0x00000012   Code   RO         6327    .text               c_w.l(isspace.o)
    0x08001610   0x08001610   0x000000b2   Code   RO         6329    .text               c_w.l(_printf_intcommon.o)
    0x080016c2   0x080016c2   0x0000041e   Code   RO         6331    .text               c_w.l(_printf_fp_dec.o)
    0x08001ae0   0x08001ae0   0x000002fc   Code   RO         6333    .text               c_w.l(_printf_fp_hex.o)
    0x08001ddc   0x08001ddc   0x0000002c   Code   RO         6338    .text               c_w.l(_printf_wchar.o)
    0x08001e08   0x08001e08   0x00000374   Code   RO         6340    .text               c_w.l(_scanf.o)
    0x0800217c   0x0800217c   0x00000040   Code   RO         6342    .text               c_w.l(_wcrtomb.o)
    0x080021bc   0x080021bc   0x0000000e   Code   RO         6344    .text               c_w.l(defsig_rtmem_outer.o)
    0x080021ca   0x080021ca   0x00000002   PAD
    0x080021cc   0x080021cc   0x00000080   Code   RO         6348    .text               c_w.l(strcmpv7m.o)
    0x0800224c   0x0800224c   0x00000002   Code   RO         6357    .text               c_w.l(use_no_semi.o)
    0x0800224e   0x0800224e   0x00000000   Code   RO         6359    .text               c_w.l(indicate_semi.o)
    0x0800224e   0x0800224e   0x0000004a   Code   RO         6360    .text               c_w.l(sys_stackheap_outer.o)
    0x08002298   0x08002298   0x00000010   Code   RO         6362    .text               c_w.l(rt_ctype_table.o)
    0x080022a8   0x080022a8   0x00000080   Code   RO         6368    .text               c_w.l(_printf_fp_infnan.o)
    0x08002328   0x08002328   0x000000e4   Code   RO         6370    .text               c_w.l(bigflt0.o)
    0x0800240c   0x0800240c   0x00000012   Code   RO         6398    .text               c_w.l(exit.o)
    0x0800241e   0x0800241e   0x0000000a   Code   RO         6400    .text               c_w.l(defsig_exit.o)
    0x08002428   0x08002428   0x00000050   Code   RO         6402    .text               c_w.l(defsig_rtmem_inner.o)
    0x08002478   0x08002478   0x0000000c   Code   RO         6419    .text               c_w.l(sys_exit.o)
    0x08002484   0x08002484   0x00000032   Code   RO         6432    .text               c_w.l(defsig_general.o)
    0x080024b6   0x080024b6   0x0000000e   Code   RO         6452    .text               c_w.l(sys_wrch.o)
    0x080024c4   0x080024c4   0x0000003e   Code   RO         6373    CL$$btod_d2e        c_w.l(btod.o)
    0x08002502   0x08002502   0x00000046   Code   RO         6375    CL$$btod_d2e_denorm_low  c_w.l(btod.o)
    0x08002548   0x08002548   0x00000060   Code   RO         6374    CL$$btod_d2e_norm_op1  c_w.l(btod.o)
    0x080025a8   0x080025a8   0x00000338   Code   RO         6383    CL$$btod_div_common  c_w.l(btod.o)
    0x080028e0   0x080028e0   0x000000dc   Code   RO         6380    CL$$btod_e2e        c_w.l(btod.o)
    0x080029bc   0x080029bc   0x0000002a   Code   RO         6377    CL$$btod_ediv       c_w.l(btod.o)
    0x080029e6   0x080029e6   0x0000002a   Code   RO         6376    CL$$btod_emul       c_w.l(btod.o)
    0x08002a10   0x08002a10   0x00000244   Code   RO         6382    CL$$btod_mult_common  c_w.l(btod.o)
    0x08002c54   0x08002c54   0x0000000c   Code   RO         5452    i.Air780FlagSet     air780eg.o
    0x08002c60   0x08002c60   0x0000000c   Code   RO         5453    i.Air780_Clear      air780eg.o
    0x08002c6c   0x08002c6c   0x00000048   Code   RO         5454    i.Air780_SendCmd    air780eg.o
    0x08002cb4   0x08002cb4   0x00000018   Code   RO         5455    i.Air780_WaitRecive  air780eg.o
    0x08002ccc   0x08002ccc   0x00000034   Code   RO         5456    i.Air780eg_Init     air780eg.o
    0x08002d00   0x08002d00   0x00000002   Code   RO          455    i.BusFault_Handler  stm32f1xx_it.o
    0x08002d02   0x08002d02   0x00000002   PAD
    0x08002d04   0x08002d04   0x0000000c   Code   RO          456    i.DMA1_Channel3_IRQHandler  stm32f1xx_it.o
    0x08002d10   0x08002d10   0x0000002a   Code   RO         1014    i.DMA_SetConfig     stm32f1xx_hal_dma.o
    0x08002d3a   0x08002d3a   0x00000002   Code   RO          457    i.DebugMon_Handler  stm32f1xx_it.o
    0x08002d3c   0x08002d3c   0x00000004   Code   RO           13    i.Error_Handler     main.o
    0x08002d40   0x08002d40   0x00000038   Code   RO         5829    i.GPSLocSend        user_gpssend.o
    0x08002d78   0x08002d78   0x0000007c   Code   RO         5457    i.GPS_CalcTimeStamp  air780eg.o
    0x08002df4   0x08002df4   0x0000007c   Code   RO         5458    i.GPS_GetLocationTime  air780eg.o
    0x08002e70   0x08002e70   0x00000068   Code   RO         5548    i.Get_noise         noisen.o
    0x08002ed8   0x08002ed8   0x00000046   Code   RO         1015    i.HAL_DMA_Abort     stm32f1xx_hal_dma.o
    0x08002f1e   0x08002f1e   0x00000002   PAD
    0x08002f20   0x08002f20   0x00000098   Code   RO         1016    i.HAL_DMA_Abort_IT  stm32f1xx_hal_dma.o
    0x08002fb8   0x08002fb8   0x00000154   Code   RO         1020    i.HAL_DMA_IRQHandler  stm32f1xx_hal_dma.o
    0x0800310c   0x0800310c   0x0000005c   Code   RO         1021    i.HAL_DMA_Init      stm32f1xx_hal_dma.o
    0x08003168   0x08003168   0x00000070   Code   RO         1025    i.HAL_DMA_Start_IT  stm32f1xx_hal_dma.o
    0x080031d8   0x080031d8   0x00000024   Code   RO          641    i.HAL_Delay         stm32f1xx_hal.o
    0x080031fc   0x080031fc   0x000001e0   Code   RO          951    i.HAL_GPIO_Init     stm32f1xx_hal_gpio.o
    0x080033dc   0x080033dc   0x0000000a   Code   RO          953    i.HAL_GPIO_ReadPin  stm32f1xx_hal_gpio.o
    0x080033e6   0x080033e6   0x00000010   Code   RO          954    i.HAL_GPIO_TogglePin  stm32f1xx_hal_gpio.o
    0x080033f6   0x080033f6   0x0000000a   Code   RO          955    i.HAL_GPIO_WritePin  stm32f1xx_hal_gpio.o
    0x08003400   0x08003400   0x0000000c   Code   RO          645    i.HAL_GetTick       stm32f1xx_hal.o
    0x0800340c   0x0800340c   0x00000188   Code   RO         1622    i.HAL_I2C_Init      stm32f1xx_hal_i2c.o
    0x08003594   0x08003594   0x0000012c   Code   RO         1635    i.HAL_I2C_Master_Transmit  stm32f1xx_hal_i2c.o
    0x080036c0   0x080036c0   0x0000005c   Code   RO          301    i.HAL_I2C_MspInit   i2c.o
    0x0800371c   0x0800371c   0x00000020   Code   RO         5585    i.HAL_I2C_WriteByte  oled.o
    0x0800373c   0x0800373c   0x00000010   Code   RO          651    i.HAL_IncTick       stm32f1xx_hal.o
    0x0800374c   0x0800374c   0x00000024   Code   RO          652    i.HAL_Init          stm32f1xx_hal.o
    0x08003770   0x08003770   0x00000098   Code   RO          559    i.HAL_InitTick      stm32f1xx_hal_timebase_tim.o
    0x08003808   0x08003808   0x00000048   Code   RO          535    i.HAL_MspInit       stm32f1xx_hal_msp.o
    0x08003850   0x08003850   0x0000001a   Code   RO         1111    i.HAL_NVIC_EnableIRQ  stm32f1xx_hal_cortex.o
    0x0800386a   0x0800386a   0x00000002   PAD
    0x0800386c   0x0800386c   0x00000040   Code   RO         1117    i.HAL_NVIC_SetPriority  stm32f1xx_hal_cortex.o
    0x080038ac   0x080038ac   0x00000024   Code   RO         1118    i.HAL_NVIC_SetPriorityGrouping  stm32f1xx_hal_cortex.o
    0x080038d0   0x080038d0   0x0000012c   Code   RO          809    i.HAL_RCC_ClockConfig  stm32f1xx_hal_rcc.o
    0x080039fc   0x080039fc   0x00000040   Code   RO          813    i.HAL_RCC_GetClockConfig  stm32f1xx_hal_rcc.o
    0x08003a3c   0x08003a3c   0x00000020   Code   RO          816    i.HAL_RCC_GetPCLK1Freq  stm32f1xx_hal_rcc.o
    0x08003a5c   0x08003a5c   0x00000020   Code   RO          817    i.HAL_RCC_GetPCLK2Freq  stm32f1xx_hal_rcc.o
    0x08003a7c   0x08003a7c   0x0000004c   Code   RO          818    i.HAL_RCC_GetSysClockFreq  stm32f1xx_hal_rcc.o
    0x08003ac8   0x08003ac8   0x00000320   Code   RO          821    i.HAL_RCC_OscConfig  stm32f1xx_hal_rcc.o
    0x08003de8   0x08003de8   0x000000b2   Code   RO         2059    i.HAL_SPI_Init      stm32f1xx_hal_spi.o
    0x08003e9a   0x08003e9a   0x00000002   PAD
    0x08003e9c   0x08003e9c   0x000000b8   Code   RO          343    i.HAL_SPI_MspInit   spi.o
    0x08003f54   0x08003f54   0x000001ee   Code   RO         2068    i.HAL_SPI_TransmitReceive  stm32f1xx_hal_spi.o
    0x08004142   0x08004142   0x00000002   Code   RO         3076    i.HAL_TIMEx_BreakCallback  stm32f1xx_hal_tim_ex.o
    0x08004144   0x08004144   0x00000002   Code   RO         3077    i.HAL_TIMEx_CommutCallback  stm32f1xx_hal_tim_ex.o
    0x08004146   0x08004146   0x0000005a   Code   RO         2372    i.HAL_TIM_Base_Init  stm32f1xx_hal_tim.o
    0x080041a0   0x080041a0   0x00000002   Code   RO         2374    i.HAL_TIM_Base_MspInit  stm32f1xx_hal_tim.o
    0x080041a2   0x080041a2   0x00000002   PAD
    0x080041a4   0x080041a4   0x00000058   Code   RO         2377    i.HAL_TIM_Base_Start_IT  stm32f1xx_hal_tim.o
    0x080041fc   0x080041fc   0x00000002   Code   RO         2406    i.HAL_TIM_IC_CaptureCallback  stm32f1xx_hal_tim.o
    0x080041fe   0x080041fe   0x00000166   Code   RO         2420    i.HAL_TIM_IRQHandler  stm32f1xx_hal_tim.o
    0x08004364   0x08004364   0x00000002   Code   RO         2423    i.HAL_TIM_OC_DelayElapsedCallback  stm32f1xx_hal_tim.o
    0x08004366   0x08004366   0x00000002   Code   RO         2450    i.HAL_TIM_PWM_PulseFinishedCallback  stm32f1xx_hal_tim.o
    0x08004368   0x08004368   0x00000014   Code   RO           14    i.HAL_TIM_PeriodElapsedCallback  main.o
    0x0800437c   0x0800437c   0x00000002   Code   RO         2463    i.HAL_TIM_TriggerCallback  stm32f1xx_hal_tim.o
    0x0800437e   0x0800437e   0x00000002   Code   RO         3355    i.HAL_UARTEx_RxEventCallback  stm32f1xx_hal_uart.o
    0x08004380   0x08004380   0x00000070   Code   RO         3367    i.HAL_UART_DMAStop  stm32f1xx_hal_uart.o
    0x080043f0   0x080043f0   0x00000002   Code   RO         3369    i.HAL_UART_ErrorCallback  stm32f1xx_hal_uart.o
    0x080043f2   0x080043f2   0x00000002   PAD
    0x080043f4   0x080043f4   0x0000026c   Code   RO         3372    i.HAL_UART_IRQHandler  stm32f1xx_hal_uart.o
    0x08004660   0x08004660   0x00000064   Code   RO         3373    i.HAL_UART_Init     stm32f1xx_hal_uart.o
    0x080046c4   0x080046c4   0x00000144   Code   RO          391    i.HAL_UART_MspInit  usart.o
    0x08004808   0x08004808   0x000000ac   Code   RO         3376    i.HAL_UART_Receive  stm32f1xx_hal_uart.o
    0x080048b4   0x080048b4   0x0000001c   Code   RO         3377    i.HAL_UART_Receive_DMA  stm32f1xx_hal_uart.o
    0x080048d0   0x080048d0   0x00000002   Code   RO         3379    i.HAL_UART_RxCpltCallback  stm32f1xx_hal_uart.o
    0x080048d2   0x080048d2   0x00000002   Code   RO         3380    i.HAL_UART_RxHalfCpltCallback  stm32f1xx_hal_uart.o
    0x080048d4   0x080048d4   0x0000009a   Code   RO         3381    i.HAL_UART_Transmit  stm32f1xx_hal_uart.o
    0x0800496e   0x0800496e   0x00000002   Code   RO         3384    i.HAL_UART_TxCpltCallback  stm32f1xx_hal_uart.o
    0x08004970   0x08004970   0x00000002   Code   RO          458    i.HardFault_Handler  stm32f1xx_it.o
    0x08004972   0x08004972   0x00000002   PAD
    0x08004974   0x08004974   0x000000b8   Code   RO         5859    i.HardwaresInitTask  user_hardwaresinittask.o
    0x08004a2c   0x08004a2c   0x0000002e   Code   RO         1665    i.I2C_IsAcknowledgeFailed  stm32f1xx_hal_i2c.o
    0x08004a5a   0x08004a5a   0x00000002   PAD
    0x08004a5c   0x08004a5c   0x0000009c   Code   RO         1669    i.I2C_MasterRequestWrite  stm32f1xx_hal_i2c.o
    0x08004af8   0x08004af8   0x00000056   Code   RO         1680    i.I2C_WaitOnBTFFlagUntilTimeout  stm32f1xx_hal_i2c.o
    0x08004b4e   0x08004b4e   0x00000002   PAD
    0x08004b50   0x08004b50   0x00000090   Code   RO         1681    i.I2C_WaitOnFlagUntilTimeout  stm32f1xx_hal_i2c.o
    0x08004be0   0x08004be0   0x000000bc   Code   RO         1682    i.I2C_WaitOnMasterAddressFlagUntilTimeout  stm32f1xx_hal_i2c.o
    0x08004c9c   0x08004c9c   0x00000056   Code   RO         1684    i.I2C_WaitOnTXEFlagUntilTimeout  stm32f1xx_hal_i2c.o
    0x08004cf2   0x08004cf2   0x00000002   PAD
    0x08004cf4   0x08004cf4   0x00000024   Code   RO         5960    i.LEDTask           user_tasksinit.o
    0x08004d18   0x08004d18   0x0000002c   Code   RO          276    i.MX_DMA_Init       dma.o
    0x08004d44   0x08004d44   0x00000024   Code   RO          221    i.MX_FREERTOS_Init  freertos.o
    0x08004d68   0x08004d68   0x000000e0   Code   RO          197    i.MX_GPIO_Init      gpio.o
    0x08004e48   0x08004e48   0x00000040   Code   RO          302    i.MX_I2C1_Init      i2c.o
    0x08004e88   0x08004e88   0x00000048   Code   RO          344    i.MX_SPI1_Init      spi.o
    0x08004ed0   0x08004ed0   0x00000044   Code   RO          345    i.MX_SPI2_Init      spi.o
    0x08004f14   0x08004f14   0x00000038   Code   RO          392    i.MX_USART1_UART_Init  usart.o
    0x08004f4c   0x08004f4c   0x00000038   Code   RO          393    i.MX_USART2_UART_Init  usart.o
    0x08004f84   0x08004f84   0x00000038   Code   RO          394    i.MX_USART3_UART_Init  usart.o
    0x08004fbc   0x08004fbc   0x00000002   Code   RO          459    i.MemManage_Handler  stm32f1xx_it.o
    0x08004fbe   0x08004fbe   0x00000002   Code   RO          460    i.NMI_Handler       stm32f1xx_it.o
    0x08004fc0   0x08004fc0   0x00000048   Code   RO         5363    i.NRF24L01_Check    24l01.o
    0x08005008   0x08005008   0x00000048   Code   RO         5365    i.NRF24L01_Read_Buf  24l01.o
    0x08005050   0x08005050   0x00000030   Code   RO         5366    i.NRF24L01_Read_Reg  24l01.o
    0x08005080   0x08005080   0x00000070   Code   RO         5368    i.NRF24L01_TX_Mode  24l01.o
    0x080050f0   0x080050f0   0x00000064   Code   RO         5369    i.NRF24L01_TxPacket  24l01.o
    0x08005154   0x08005154   0x00000048   Code   RO         5370    i.NRF24L01_Write_Buf  24l01.o
    0x0800519c   0x0800519c   0x00000034   Code   RO         5371    i.NRF24L01_Write_Reg  24l01.o
    0x080051d0   0x080051d0   0x00000040   Code   RO         5889    i.NoiseSend         user_noisesend.o
    0x08005210   0x08005210   0x00000034   Code   RO         5890    i.NoiseSendHistroy  user_noisesend.o
    0x08005244   0x08005244   0x00000080   Code   RO         5926    i.OLEDShow          user_oeldshow.o
    0x080052c4   0x080052c4   0x00000026   Code   RO         5586    i.OLED_Clear        oled.o
    0x080052ea   0x080052ea   0x0000009c   Code   RO         5588    i.OLED_Init         oled.o
    0x08005386   0x08005386   0x0000000e   Code   RO         5589    i.OLED_Pow          oled.o
    0x08005394   0x08005394   0x00000022   Code   RO         5590    i.OLED_SetCursor    oled.o
    0x080053b6   0x080053b6   0x00000002   PAD
    0x080053b8   0x080053b8   0x00000068   Code   RO         5592    i.OLED_ShowChar     oled.o
    0x08005420   0x08005420   0x00000042   Code   RO         5595    i.OLED_ShowNum      oled.o
    0x08005462   0x08005462   0x00000026   Code   RO         5597    i.OLED_ShowString   oled.o
    0x08005488   0x08005488   0x00000008   Code   RO         5599    i.OLED_WriteCommand  oled.o
    0x08005490   0x08005490   0x00000008   Code   RO         5600    i.OLED_WriteData    oled.o
    0x08005498   0x08005498   0x00000020   Code   RO         5372    i.SPI1_ReadWriteByte  24l01.o
    0x080054b8   0x080054b8   0x00000020   Code   RO         2097    i.SPI_EndRxTxTransaction  stm32f1xx_hal_spi.o
    0x080054d8   0x080054d8   0x000000b8   Code   RO         2102    i.SPI_WaitFlagStateUntilTimeout  stm32f1xx_hal_spi.o
    0x08005590   0x08005590   0x0000000c   Code   RO          222    i.StartDefaultTask  freertos.o
    0x0800559c   0x0800559c   0x0000002c   Code   RO         5284    i.SysTick_Handler   port.o
    0x080055c8   0x080055c8   0x0000005e   Code   RO           15    i.SystemClock_Config  main.o
    0x08005626   0x08005626   0x00000002   Code   RO         3707    i.SystemInit        system_stm32f1xx.o
    0x08005628   0x08005628   0x00000034   Code   RO          461    i.TIM4_IRQHandler   stm32f1xx_it.o
    0x0800565c   0x0800565c   0x0000006c   Code   RO         2465    i.TIM_Base_SetConfig  stm32f1xx_hal_tim.o
    0x080056c8   0x080056c8   0x00000044   Code   RO         5459    i.Timestamp_To_DateTime  air780eg.o
    0x0800570c   0x0800570c   0x00000010   Code   RO         3386    i.UART_DMAAbortOnError  stm32f1xx_hal_uart.o
    0x0800571c   0x0800571c   0x0000004a   Code   RO         3387    i.UART_DMAError     stm32f1xx_hal_uart.o
    0x08005766   0x08005766   0x00000086   Code   RO         3388    i.UART_DMAReceiveCplt  stm32f1xx_hal_uart.o
    0x080057ec   0x080057ec   0x0000001e   Code   RO         3390    i.UART_DMARxHalfCplt  stm32f1xx_hal_uart.o
    0x0800580a   0x0800580a   0x0000004e   Code   RO         3396    i.UART_EndRxTransfer  stm32f1xx_hal_uart.o
    0x08005858   0x08005858   0x0000001c   Code   RO         3397    i.UART_EndTxTransfer  stm32f1xx_hal_uart.o
    0x08005874   0x08005874   0x000000c2   Code   RO         3398    i.UART_Receive_IT   stm32f1xx_hal_uart.o
    0x08005936   0x08005936   0x00000002   PAD
    0x08005938   0x08005938   0x000000b8   Code   RO         3399    i.UART_SetConfig    stm32f1xx_hal_uart.o
    0x080059f0   0x080059f0   0x00000090   Code   RO         3400    i.UART_Start_Receive_DMA  stm32f1xx_hal_uart.o
    0x08005a80   0x08005a80   0x00000078   Code   RO         3402    i.UART_WaitOnFlagUntilTimeout  stm32f1xx_hal_uart.o
    0x08005af8   0x08005af8   0x0000003c   Code   RO          462    i.USART3_IRQHandler  stm32f1xx_it.o
    0x08005b34   0x08005b34   0x00000002   Code   RO          463    i.UsageFault_Handler  stm32f1xx_it.o
    0x08005b36   0x08005b36   0x00000002   PAD
    0x08005b38   0x08005b38   0x00000054   Code   RO         5961    i.User_Tasks_Init   user_tasksinit.o
    0x08005b8c   0x08005b8c   0x00000028   Code   RO         6417    i.__ARM_fpclassify  m_ws.l(fpclassify.o)
    0x08005bb4   0x08005bb4   0x00000020   Code   RO         1124    i.__NVIC_SetPriority  stm32f1xx_hal_cortex.o
    0x08005bd4   0x08005bd4   0x0000000e   Code   RO         6082    i._is_digit         c_w.l(__printf_wp.o)
    0x08005be2   0x08005be2   0x00000002   PAD
    0x08005be4   0x08005be4   0x00000054   Code   RO           16    i.main              main.o
    0x08005c38   0x08005c38   0x00000034   Code   RO         4813    i.osDelay           cmsis_os2.o
    0x08005c6c   0x08005c6c   0x0000003c   Code   RO         4814    i.osDelayUntil      cmsis_os2.o
    0x08005ca8   0x08005ca8   0x00000028   Code   RO         4825    i.osKernelGetTickCount  cmsis_os2.o
    0x08005cd0   0x08005cd0   0x00000038   Code   RO         4827    i.osKernelInitialize  cmsis_os2.o
    0x08005d08   0x08005d08   0x00000040   Code   RO         4830    i.osKernelStart     cmsis_os2.o
    0x08005d48   0x08005d48   0x000000a4   Code   RO         4864    i.osThreadNew       cmsis_os2.o
    0x08005dec   0x08005dec   0x0000005c   Code   RO         4309    i.prvAddCurrentTaskToDelayedList  tasks.o
    0x08005e48   0x08005e48   0x000000d0   Code   RO         4310    i.prvAddNewTaskToReadyList  tasks.o
    0x08005f18   0x08005f18   0x00000058   Code   RO         4659    i.prvCheckForValidListAndQueue  timers.o
    0x08005f70   0x08005f70   0x00000026   Code   RO         3912    i.prvCopyDataFromQueue  queue.o
    0x08005f96   0x08005f96   0x0000006c   Code   RO         3913    i.prvCopyDataToQueue  queue.o
    0x08006002   0x08006002   0x00000034   Code   RO         4311    i.prvDeleteTCB      tasks.o
    0x08006036   0x08006036   0x00000002   PAD
    0x08006038   0x08006038   0x0000004c   Code   RO         5234    i.prvHeapInit       heap_4.o
    0x08006084   0x08006084   0x00000060   Code   RO         4312    i.prvIdleTask       tasks.o
    0x080060e4   0x080060e4   0x00000022   Code   RO         3915    i.prvInitialiseNewQueue  queue.o
    0x08006106   0x08006106   0x0000009c   Code   RO         4313    i.prvInitialiseNewTask  tasks.o
    0x080061a2   0x080061a2   0x00000002   PAD
    0x080061a4   0x080061a4   0x0000004c   Code   RO         5235    i.prvInsertBlockIntoFreeList  heap_4.o
    0x080061f0   0x080061f0   0x00000038   Code   RO         4661    i.prvInsertTimerInActiveList  timers.o
    0x08006228   0x08006228   0x0000001c   Code   RO         3916    i.prvIsQueueEmpty   queue.o
    0x08006244   0x08006244   0x000000cc   Code   RO         4662    i.prvProcessReceivedCommands  timers.o
    0x08006310   0x08006310   0x000000b4   Code   RO         4663    i.prvProcessTimerOrBlockTask  timers.o
    0x080063c4   0x080063c4   0x00000020   Code   RO         4315    i.prvResetNextTaskUnblockTime  tasks.o
    0x080063e4   0x080063e4   0x00000028   Code   RO         4664    i.prvSampleTimeNow  timers.o
    0x0800640c   0x0800640c   0x0000006c   Code   RO         4665    i.prvSwitchTimerLists  timers.o
    0x08006478   0x08006478   0x00000028   Code   RO         5285    i.prvTaskExitError  port.o
    0x080064a0   0x080064a0   0x00000024   Code   RO         4666    i.prvTimerTask      timers.o
    0x080064c4   0x080064c4   0x0000006a   Code   RO         3917    i.prvUnlockQueue    queue.o
    0x0800652e   0x0800652e   0x00000002   PAD
    0x08006530   0x08006530   0x000000d8   Code   RO         5236    i.pvPortMalloc      heap_4.o
    0x08006608   0x08006608   0x00000024   Code   RO         5286    i.pxPortInitialiseStack  port.o
    0x0800662c   0x0800662c   0x00000028   Code   RO         5700    i.spi2_read_write_byte  w25q128.o
    0x08006654   0x08006654   0x00000026   Code   RO         3872    i.uxListRemove      list.o
    0x0800667a   0x0800667a   0x00000002   PAD
    0x0800667c   0x0800667c   0x00000014   Code   RO         4876    i.vApplicationGetIdleTaskMemory  cmsis_os2.o
    0x08006690   0x08006690   0x00000018   Code   RO         4877    i.vApplicationGetTimerTaskMemory  cmsis_os2.o
    0x080066a8   0x080066a8   0x00000014   Code   RO         5702    i.vGetNowIndex      w25q128.o
    0x080066bc   0x080066bc   0x00000016   Code   RO         3873    i.vListInitialise   list.o
    0x080066d2   0x080066d2   0x00000006   Code   RO         3874    i.vListInitialiseItem  list.o
    0x080066d8   0x080066d8   0x00000030   Code   RO         3875    i.vListInsert       list.o
    0x08006708   0x08006708   0x00000018   Code   RO         3876    i.vListInsertEnd    list.o
    0x08006720   0x08006720   0x00000040   Code   RO         5288    i.vPortEnterCritical  port.o
    0x08006760   0x08006760   0x00000028   Code   RO         5289    i.vPortExitCritical  port.o
    0x08006788   0x08006788   0x0000005c   Code   RO         5237    i.vPortFree         heap_4.o
    0x080067e4   0x080067e4   0x00000024   Code   RO         5290    i.vPortSetupTimerInterrupt  port.o
    0x08006808   0x08006808   0x00000054   Code   RO         5291    i.vPortValidateInterruptPriority  port.o
    0x0800685c   0x0800685c   0x00000028   Code   RO         3923    i.vQueueAddToRegistry  queue.o
    0x08006884   0x08006884   0x00000044   Code   RO         3927    i.vQueueWaitForMessageRestricted  queue.o
    0x080068c8   0x080068c8   0x00000010   Code   RO         5703    i.vSaveAddrIndexUpdate  w25q128.o
    0x080068d8   0x080068d8   0x00000014   Code   RO         5704    i.vSaveNowIndex     w25q128.o
    0x080068ec   0x080068ec   0x0000002c   Code   RO         5705    i.vSaveNowMesureValue  w25q128.o
    0x08006918   0x08006918   0x0000004c   Code   RO         4327    i.vTaskDelay        tasks.o
    0x08006964   0x08006964   0x0000008c   Code   RO         4328    i.vTaskDelayUntil   tasks.o
    0x080069f0   0x080069f0   0x00000090   Code   RO         4329    i.vTaskDelete       tasks.o
    0x08006a80   0x08006a80   0x00000010   Code   RO         4332    i.vTaskInternalSetTimeOutState  tasks.o
    0x08006a90   0x08006a90   0x0000000c   Code   RO         4333    i.vTaskMissedYield  tasks.o
    0x08006a9c   0x08006a9c   0x00000030   Code   RO         4335    i.vTaskPlaceOnEventList  tasks.o
    0x08006acc   0x08006acc   0x00000038   Code   RO         4336    i.vTaskPlaceOnEventListRestricted  tasks.o
    0x08006b04   0x08006b04   0x00000088   Code   RO         4344    i.vTaskStartScheduler  tasks.o
    0x08006b8c   0x08006b8c   0x00000010   Code   RO         4346    i.vTaskSuspendAll   tasks.o
    0x08006b9c   0x08006b9c   0x00000064   Code   RO         4347    i.vTaskSwitchContext  tasks.o
    0x08006c00   0x08006c00   0x00000040   Code   RO         5707    i.w25q128_erase_sector  w25q128.o
    0x08006c40   0x08006c40   0x0000002c   Code   RO         5708    i.w25q128_init      w25q128.o
    0x08006c6c   0x08006c6c   0x00000034   Code   RO         5709    i.w25q128_rd_sr1    w25q128.o
    0x08006ca0   0x08006ca0   0x00000050   Code   RO         5710    i.w25q128_read      w25q128.o
    0x08006cf0   0x08006cf0   0x00000040   Code   RO         5711    i.w25q128_read_id   w25q128.o
    0x08006d30   0x08006d30   0x0000001e   Code   RO         5712    i.w25q128_send_address  w25q128.o
    0x08006d4e   0x08006d4e   0x00000002   PAD
    0x08006d50   0x08006d50   0x0000000e   Code   RO         5713    i.w25q128_wait_busy  w25q128.o
    0x08006d5e   0x08006d5e   0x00000002   PAD
    0x08006d60   0x08006d60   0x000000a4   Code   RO         5714    i.w25q128_write     w25q128.o
    0x08006e04   0x08006e04   0x0000002c   Code   RO         5715    i.w25q128_write_enable  w25q128.o
    0x08006e30   0x08006e30   0x00000080   Code   RO         5716    i.w25q128_write_nocheck  w25q128.o
    0x08006eb0   0x08006eb0   0x000000a8   Code   RO         5292    i.xPortStartScheduler  port.o
    0x08006f58   0x08006f58   0x00000066   Code   RO         3933    i.xQueueGenericCreateStatic  queue.o
    0x08006fbe   0x08006fbe   0x00000002   PAD
    0x08006fc0   0x08006fc0   0x00000088   Code   RO         3934    i.xQueueGenericReset  queue.o
    0x08007048   0x08007048   0x00000160   Code   RO         3935    i.xQueueGenericSend  queue.o
    0x080071a8   0x080071a8   0x000000bc   Code   RO         3936    i.xQueueGenericSendFromISR  queue.o
    0x08007264   0x08007264   0x00000138   Code   RO         3945    i.xQueueReceive     queue.o
    0x0800739c   0x0800739c   0x00000074   Code   RO         4348    i.xTaskCheckForTimeOut  tasks.o
    0x08007410   0x08007410   0x0000005a   Code   RO         4349    i.xTaskCreate       tasks.o
    0x0800746a   0x0800746a   0x00000056   Code   RO         4350    i.xTaskCreateStatic  tasks.o
    0x080074c0   0x080074c0   0x0000001c   Code   RO         4354    i.xTaskGetSchedulerState  tasks.o
    0x080074dc   0x080074dc   0x0000000c   Code   RO         4355    i.xTaskGetTickCount  tasks.o
    0x080074e8   0x080074e8   0x00000010   Code   RO         4356    i.xTaskGetTickCountFromISR  tasks.o
    0x080074f8   0x080074f8   0x000000c8   Code   RO         4357    i.xTaskIncrementTick  tasks.o
    0x080075c0   0x080075c0   0x00000080   Code   RO         4360    i.xTaskPriorityDisinherit  tasks.o
    0x08007640   0x08007640   0x00000070   Code   RO         4362    i.xTaskRemoveFromEventList  tasks.o
    0x080076b0   0x080076b0   0x000000c4   Code   RO         4363    i.xTaskResumeAll    tasks.o
    0x08007774   0x08007774   0x00000060   Code   RO         4673    i.xTimerCreateTimerTask  timers.o
    0x080077d4   0x080077d4   0x00000068   Code   RO         4674    i.xTimerGenericCommand  timers.o
    0x0800783c   0x0800783c   0x0000002c   Code   RO         6235    locale$$code        c_w.l(lc_time_c.o)
    0x08007868   0x08007868   0x0000002c   Code   RO         6396    locale$$code        c_w.l(lc_numeric_c.o)
    0x08007894   0x08007894   0x0000002c   Code   RO         6428    locale$$code        c_w.l(lc_ctype_c.o)
    0x080078c0   0x080078c0   0x00000004   Code   RO         6289    x$fpl$printf1       fz_ws.l(printf1.o)
    0x080078c4   0x080078c4   0x00000004   Code   RO         6291    x$fpl$printf2       fz_ws.l(printf2.o)
    0x080078c8   0x080078c8   0x00000000   Code   RO         6416    x$fpl$usenofp       fz_ws.l(usenofp.o)
    0x080078c8   0x080078c8   0x00000024   Data   RO          225    .constdata          freertos.o
    0x080078ec   0x080078ec   0x00000012   Data   RO          822    .constdata          stm32f1xx_hal_rcc.o
    0x080078fe   0x080078fe   0x00000010   Data   RO         3708    .constdata          system_stm32f1xx.o
    0x0800790e   0x0800790e   0x00000008   Data   RO         3709    .constdata          system_stm32f1xx.o
    0x08007916   0x08007916   0x0000000a   Data   RO         5374    .constdata          24l01.o
    0x08007920   0x08007920   0x00000027   Data   RO         5461    .constdata          air780eg.o
    0x08007947   0x08007947   0x00000008   Data   RO         5549    .constdata          noisen.o
    0x0800794f   0x0800794f   0x00000690   Data   RO         5601    .constdata          oled.o
    0x08007fdf   0x08007fdf   0x00000001   PAD
    0x08007fe0   0x08007fe0   0x00000090   Data   RO         5962    .constdata          user_tasksinit.o
    0x08008070   0x08008070   0x00000011   Data   RO         6090    .constdata          c_w.l(__printf_flags_ss_wp.o)
    0x08008081   0x08008081   0x00000003   PAD
    0x08008084   0x08008084   0x00000008   Data   RO         6175    .constdata          c_w.l(_printf_wctomb.o)
    0x0800808c   0x0800808c   0x00000028   Data   RO         6204    .constdata          c_w.l(_printf_hex_int_ll_ptr.o)
    0x080080b4   0x080080b4   0x0000000c   Data   RO         6239    .constdata          c_w.l(_monlen.o)
    0x080080c0   0x080080c0   0x00000026   Data   RO         6334    .constdata          c_w.l(_printf_fp_hex.o)
    0x080080e6   0x080080e6   0x00000002   PAD
    0x080080e8   0x080080e8   0x00000094   Data   RO         6371    .constdata          c_w.l(bigflt0.o)
    0x0800817c   0x0800817c   0x0000000c   Data   RO          226    .conststring        freertos.o
    0x08008188   0x08008188   0x00000036   Data   RO         5963    .conststring        user_tasksinit.o
    0x080081be   0x080081be   0x00000002   PAD
    0x080081c0   0x080081c0   0x00000020   Data   RO         6482    Region$$Table       anon$$obj.o
    0x080081e0   0x080081e0   0x00000180   Data   RO         6234    locale$$data        c_w.l(lc_time_c.o)
    0x08008360   0x08008360   0x0000001c   Data   RO         6395    locale$$data        c_w.l(lc_numeric_c.o)
    0x0800837c   0x0800837c   0x00000110   Data   RO         6427    locale$$data        c_w.l(lc_ctype_c.o)


    Execution Region RW_IRAM1 (Exec base: 0x20000000, Load base: 0x0800848c, Size: 0x000041d0, Max: 0x00005000, ABSOLUTE)

    Exec Addr    Load Addr    Size         Type   Attr      Idx    E Section Name        Object

    0x20000000   0x0800848c   0x00000004   Data   RW          227    .data               freertos.o
    0x20000004   0x08008490   0x00000002   Data   RW          464    .data               stm32f1xx_it.o
    0x20000006   0x08008492   0x00000002   PAD
    0x20000008   0x08008494   0x0000000c   Data   RW          659    .data               stm32f1xx_hal.o
    0x20000014   0x080084a0   0x00000004   Data   RW         3710    .data               system_stm32f1xx.o
    0x20000018   0x080084a4   0x0000003c   Data   RW         4366    .data               tasks.o
    0x20000054   0x080084e0   0x00000014   Data   RW         4682    .data               timers.o
    0x20000068   0x080084f4   0x00000004   Data   RW         4879    .data               cmsis_os2.o
    0x2000006c   0x080084f8   0x00000018   Data   RW         5242    .data               heap_4.o
    0x20000084   0x08008510   0x0000000c   Data   RW         5293    .data               port.o
    0x20000090   0x0800851c   0x00000020   Data   RW         5375    .data               24l01.o
    0x200000b0   0x0800853c   0x00000020   Data   RW         5376    .data               24l01.o
    0x200000d0   0x0800855c   0x00000008   Data   RW         5462    .data               air780eg.o
    0x200000d8   0x08008564   0x00000007   Data   RW         5550    .data               noisen.o
    0x200000df   0x0800856b   0x00000001   PAD
    0x200000e0   0x0800856c   0x0000000b   Data   RW         5718    .data               w25q128.o
    0x200000eb   0x08008577   0x00000001   PAD
    0x200000ec   0x08008578   0x00000008   Data   RW         5891    .data               user_noisesend.o
    0x200000f4   0x08008580   0x00000001   Data   RW         5928    .data               user_oeldshow.o
    0x200000f5   0x08008581   0x00000003   PAD
    0x200000f8   0x08008584   0x00000010   Data   RW         5965    .data               user_tasksinit.o
    0x20000108        -       0x00000200   Zero   RW          223    .bss                freertos.o
    0x20000308        -       0x0000005c   Zero   RW          224    .bss                freertos.o
    0x20000364        -       0x00000054   Zero   RW          303    .bss                i2c.o
    0x200003b8        -       0x000000b0   Zero   RW          346    .bss                spi.o
    0x20000468        -       0x0000011c   Zero   RW          396    .bss                usart.o
    0x20000584        -       0x00000048   Zero   RW          562    .bss                stm32f1xx_hal_timebase_tim.o
    0x200005cc        -       0x00000040   Zero   RW         3949    .bss                queue.o
    0x2000060c        -       0x000004c4   Zero   RW         4365    .bss                tasks.o
    0x20000ad0        -       0x00000118   Zero   RW         4681    .bss                timers.o
    0x20000be8        -       0x000006b8   Zero   RW         4878    .bss                cmsis_os2.o
    0x200012a0        -       0x00002800   Zero   RW         5241    .bss                heap_4.o
    0x20003aa0        -       0x000000a0   Zero   RW         5460    .bss                air780eg.o
    0x20003b40        -       0x0000002c   Zero   RW         6115    .bss                c_w.l(localtime.o)
    0x20003b6c        -       0x00000060   Zero   RW         6300    .bss                c_w.l(libspace.o)
    0x20003bcc   0x08008594   0x00000004   PAD
    0x20003bd0        -       0x00000200   Zero   RW            2    HEAP                startup_stm32f103xb.o
    0x20003dd0        -       0x00000400   Zero   RW            1    STACK               startup_stm32f103xb.o


==============================================================================

Image component sizes


      Code (inc. data)   RO Data    RW Data    ZI Data      Debug   Object Name

       560         46         10         64          0       6058   24l01.o
       488        156         39          8        160       6730   air780eg.o
       480         42          0          4       1720      16416   cmsis_os2.o
        44          4          0          0          0        834   dma.o
         0          0          0          0          0      20364   event_groups.o
        48         14         48          4        604       4703   freertos.o
       224         18          0          0          0       1063   gpio.o
       460         24          0         24      10240       4903   heap_4.o
       156         26          0          0         84       1785   i2c.o
       138          0          0          0          0       3630   list.o
       202         14          0          0          0     460968   main.o
       104         20          8          7          0       1312   noisen.o
       498         10       1680          0          0       7018   oled.o
       662         70          0         12          0      11277   port.o
      1512         20          0          0         64      17476   queue.o
       324         40          0          0        176       2502   spi.o
        64         26        236          0       1536        848   startup_stm32f103xb.o
       100         18          0         12          0       5514   stm32f1xx_hal.o
       158         14          0          0          0      28378   stm32f1xx_hal_cortex.o
       808         36          0          0          0       5258   stm32f1xx_hal_dma.o
       516         34          0          0          0       4320   stm32f1xx_hal_gpio.o
      1398         32          0          0          0       9453   stm32f1xx_hal_i2c.o
        72         10          0          0          0        946   stm32f1xx_hal_msp.o
      1304         94         18          0          0       6017   stm32f1xx_hal_rcc.o
       888          4          0          0          0       4941   stm32f1xx_hal_spi.o
       654         26          0          0          0       7460   stm32f1xx_hal_tim.o
         4          0          0          0          0       1701   stm32f1xx_hal_tim_ex.o
       152         20          0          0         72       1595   stm32f1xx_hal_timebase_tim.o
      2198         24          0          0          0      17212   stm32f1xx_hal_uart.o
       136         28          0          2          0       4402   stm32f1xx_it.o
         0          0          0          0          0       8932   stream_buffer.o
         2          0         24          4          0       1235   system_stm32f1xx.o
      2364        196          0         60       1220      26871   tasks.o
       912         82          0         20        280      26571   timers.o
       492         56          0          0        284       3455   usart.o
        56         22          0          0          0        505   user_gpssend.o
       184         60          0          0          0        604   user_hardwaresinittask.o
       116         20          0          8          0       1417   user_noisesend.o
       128         36          0          1          0       1094   user_oeldshow.o
       120         28        198         16          0       2316   user_tasksinit.o
       824         80          0         11          0       9785   w25q128.o

    ----------------------------------------------------------------------
     19592       1450       2296        264      16440     747869   Object Totals
         0          0         32          0          0          0   (incl. Generated)
        42          0          3          7          0          0   (incl. Padding)

    ----------------------------------------------------------------------

      Code (inc. data)   RO Data    RW Data    ZI Data      Debug   Library Member Name

        60          8          0          0          0         84   __0sscanf.o
        56          6          0          0          0         88   __2snprintf.o
         8          0          0          0          0         68   __main.o
       392          4         17          0          0         92   __printf_flags_ss_wp.o
        14          0          0          0          0         68   __printf_wp.o
         0          0          0          0          0          0   __rtentry.o
        12          0          0          0          0          0   __rtentry2.o
         6          0          0          0          0          0   __rtentry4.o
        52          8          0          0          0          0   __scatter.o
        26          0          0          0          0          0   __scatter_copy.o
        28          0          0          0          0          0   __scatter_zi.o
        28          0          0          0          0         68   _chval.o
         0          0         12          0          0          0   _monlen.o
         6          0          0          0          0          0   _printf_a.o
         6          0          0          0          0          0   _printf_c.o
        44          0          0          0          0        108   _printf_char.o
        48          6          0          0          0         96   _printf_char_common.o
        40          0          0          0          0         68   _printf_charcount.o
         6          0          0          0          0          0   _printf_d.o
       120         16          0          0          0         92   _printf_dec.o
         6          0          0          0          0          0   _printf_e.o
         6          0          0          0          0          0   _printf_f.o
      1054          0          0          0          0        216   _printf_fp_dec.o
       764          8         38          0          0        100   _printf_fp_hex.o
       128         16          0          0          0         84   _printf_fp_infnan.o
         6          0          0          0          0          0   _printf_g.o
       148          4         40          0          0        160   _printf_hex_int_ll_ptr.o
         6          0          0          0          0          0   _printf_i.o
       178          0          0          0          0         88   _printf_intcommon.o
        10          0          0          0          0          0   _printf_l.o
         6          0          0          0          0          0   _printf_lc.o
        10          0          0          0          0          0   _printf_ll.o
         6          0          0          0          0          0   _printf_lld.o
         6          0          0          0          0          0   _printf_lli.o
         6          0          0          0          0          0   _printf_llo.o
         6          0          0          0          0          0   _printf_llu.o
         6          0          0          0          0          0   _printf_llx.o
       124         16          0          0          0         92   _printf_longlong_dec.o
         6          0          0          0          0          0   _printf_ls.o
         6          0          0          0          0          0   _printf_n.o
         6          0          0          0          0          0   _printf_o.o
       112         10          0          0          0        124   _printf_oct_int_ll.o
         6          0          0          0          0          0   _printf_p.o
        78          0          0          0          0        108   _printf_pad.o
         0          0          0          0          0          0   _printf_percent.o
         4          0          0          0          0          0   _printf_percent_end.o
         6          0          0          0          0          0   _printf_s.o
        82          0          0          0          0         80   _printf_str.o
        36          0          0          0          0         84   _printf_truncate.o
         6          0          0          0          0          0   _printf_u.o
        44          0          0          0          0        108   _printf_wchar.o
       188          6          8          0          0         92   _printf_wctomb.o
         6          0          0          0          0          0   _printf_x.o
       884          4          0          0          0        100   _scanf.o
       332          0          0          0          0         96   _scanf_int.o
       224          0          0          0          0         96   _scanf_str.o
        64          0          0          0          0         84   _sgetc.o
        16          0          0          0          0         68   _snputc.o
        10          0          0          0          0         68   _sputc.o
        64          0          0          0          0         92   _wcrtomb.o
        16          0          0          0          0         68   aeabi_memset.o
       228          4        148          0          0         96   bigflt0.o
      1936        128          0          0          0        672   btod.o
        10          0          0          0          0         68   defsig_exit.o
        50          0          0          0          0         88   defsig_general.o
        80         58          0          0          0         76   defsig_rtmem_inner.o
        14          0          0          0          0         80   defsig_rtmem_outer.o
        18          0          0          0          0         80   exit.o
        94          0          0          0          0         80   h1_alloc.o
        52          0          0          0          0         68   h1_extend.o
        78          0          0          0          0         80   h1_free.o
        14          0          0          0          0         84   h1_init.o
         6          0          0          0          0        152   heapauxi.o
         4          0          0          0          0        136   hguard.o
         0          0          0          0          0          0   indicate_semi.o
       138          0          0          0          0        168   init_alloc.o
        18          0          0          0          0         76   isspace.o
        44         10        272          0          0         76   lc_ctype_c.o
        44         10         28          0          0         76   lc_numeric_c.o
        44         10        384          0          0         76   lc_time_c.o
         2          0          0          0          0          0   libinit.o
        48          0          0          0          0          0   libinit2.o
         2          0          0          0          0          0   libshutdown.o
         2          0          0          0          0          0   libshutdown2.o
         8          4          0          0         96         68   libspace.o
       138          0          0          0          0         80   lludiv10.o
        12          6          0          0         44         68   localtime.o
       184          6          0          0          0         80   localtime_internal.o
         0          0          0          0          0          0   maybetermalloc1.o
       428         10          0          0          0        116   mktime.o
        16          4          0          0          0         76   rt_ctype_table.o
         8          4          0          0          0         68   rt_heap_descriptor_intlibspace.o
         8          4          0          0          0         68   rt_locale_intlibspace.o
        68          0          0          0          0         68   rt_memclr.o
        78          0          0          0          0         80   rt_memclr_w.o
       138          0          0          0          0         68   rt_memcpy_v6.o
       100          0          0          0          0         80   rt_memcpy_w.o
         2          0          0          0          0          0   rtexit.o
        10          0          0          0          0          0   rtexit2.o
        44          8          0          0          0         84   scanf_char.o
        44          6          0          0          0         84   sprintf.o
       128          0          0          0          0         68   strcmpv7m.o
       864        122          0          0          0        184   strftime.o
        62          0          0          0          0         76   strlen.o
        36          0          0          0          0         80   strstr.o
        12          4          0          0          0         68   sys_exit.o
        74          0          0          0          0         80   sys_stackheap_outer.o
        14          0          0          0          0         76   sys_wrch.o
         2          0          0          0          0         68   use_no_semi.o
         4          0          0          0          0         68   printf1.o
         4          0          0          0          0         68   printf2.o
         0          0          0          0          0          0   usenofp.o
        40          0          0          0          0         68   fpclassify.o

    ----------------------------------------------------------------------
     11092        510        952          0        144       7064   Library Totals
        16          0          5          0          4          0   (incl. Padding)

    ----------------------------------------------------------------------

      Code (inc. data)   RO Data    RW Data    ZI Data      Debug   Library Name

     11028        510        947          0        140       6860   c_w.l
         8          0          0          0          0        136   fz_ws.l
        40          0          0          0          0         68   m_ws.l

    ----------------------------------------------------------------------
     11092        510        952          0        144       7064   Library Totals

    ----------------------------------------------------------------------

==============================================================================


      Code (inc. data)   RO Data    RW Data    ZI Data      Debug   

     30684       1960       3248        264      16584     739745   Grand Totals
     30684       1960       3248        264      16584     739745   ELF Image Totals
     30684       1960       3248        264          0          0   ROM Totals

==============================================================================

    Total RO  Size (Code + RO Data)                33932 (  33.14kB)
    Total RW  Size (RW Data + ZI Data)             16848 (  16.45kB)
    Total ROM Size (Code + RO Data + RW Data)      34196 (  33.39kB)

==============================================================================

