<html>
<body>
<pre>
<h1>µVision Build Log</h1>
<h2>Tool Versions:</h2>
IDE-Version: ¦ÌVision V5.32.0.0
Copyright (C) 2020 ARM Ltd and ARM Germany GmbH. All rights reserved.
License Information: 1 1, 1, LIC=47GU5-GFXYV-63EMB-2MLF2-LP212-B0ZLU
 
Tool Versions:
Toolchain:       MDK-ARM Plus  Version: 5.32.0.0
Toolchain Path:  D:\tt_Programs_Files\Keil_v5\ARM\ARMCC\Bin
C Compiler:      Armcc.exe V5.06 update 7 (build 960)
Assembler:       Armasm.exe V5.06 update 7 (build 960)
Linker/Locator:  ArmLink.exe V5.06 update 7 (build 960)
Library Manager: ArmAr.exe V5.06 update 7 (build 960)
Hex Converter:   FromElf.exe V5.06 update 7 (build 960)
CPU DLL:         SARMCM3.DLL V5.32.0.0
Dialog DLL:      DCM.DLL V1.17.3.0
Target DLL:      STLink\ST-LINKIII-KEIL_SWO.dll V3.0.8.0
Dialog DLL:      TCM.DLL V1.46.0.0
 
<h2>Project:</h2>
D:\tt_Programs_Files\Project\noise\v1.5+\3.Slave computer\Project\FreeRTOS_NoiseSys\NoiseSys_1.70_OS\MDK-ARM\NoiseSys_1.70_OS.uvprojx
Project File Date:  04/10/2024

<h2>Output:</h2>
*** Using Compiler 'V5.06 update 7 (build 960)', folder: 'D:\tt_Programs_Files\Keil_v5\ARM\ARMCC\Bin'
Build target 'NoiseSys_1.70_OS'
assembling startup_stm32f103xb.s...
compiling stm32f1xx_hal_timebase_tim.c...
compiling gpio.c...
compiling stm32f1xx_it.c...
compiling spi.c...
compiling stm32f1xx_hal_rcc.c...
compiling stm32f1xx_hal_gpio_ex.c...
compiling stm32f1xx_hal_cortex.c...
compiling i2c.c...
compiling stm32f1xx_hal_gpio.c...
compiling freertos.c...
compiling stm32f1xx_hal.c...
compiling stm32f1xx_hal_dma.c...
compiling stm32f1xx_hal_rcc_ex.c...
compiling stm32f1xx_hal_msp.c...
compiling usart.c...
compiling main.c...
compiling croutine.c...
compiling list.c...
compiling event_groups.c...
compiling stream_buffer.c...
compiling queue.c...
compiling tasks.c...
compiling timers.c...
compiling heap_4.c...
compiling port.c...
compiling cmsis_os2.c...
compiling system_stm32f1xx.c...
compiling stm32f1xx_hal_exti.c...
compiling stm32f1xx_hal_pwr.c...
compiling stm32f1xx_hal_flash.c...
compiling stm32f1xx_hal_flash_ex.c...
compiling stm32f1xx_hal_tim_ex.c...
compiling stm32f1xx_hal_uart.c...
compiling stm32f1xx_hal_spi.c...
compiling stm32f1xx_hal_tim.c...
compiling stm32f1xx_hal_i2c.c...
linking...
Program Size: Code=11996 RO-data=360 RW-data=140 ZI-data=16308  
FromELF: creating hex file...
"NoiseSys_1.70_OS\NoiseSys_1.70_OS" - 0 Error(s), 0 Warning(s).

<h2>Software Packages used:</h2>

Package Vendor: ARM
                http://www.keil.com/pack/ARM.CMSIS.5.7.0.pack
                ARM.CMSIS.5.7.0
                CMSIS (Cortex Microcontroller Software Interface Standard)
   * Component: CORE Version: 5.4.0

Package Vendor: Keil
                http://www.keil.com/pack/Keil.STM32F1xx_DFP.2.3.0.pack
                Keil.STM32F1xx_DFP.2.3.0
                STMicroelectronics STM32F1 Series Device Support, Drivers and Examples

<h2>Collection of Component include folders:</h2>
  .\RTE\_NoiseSys_1.70_OS
  D:\tt_Programs_Files\Packs\ARM\CMSIS\5.7.0\CMSIS\Core\Include
  D:\tt_Programs_Files\Packs\Keil\STM32F1xx_DFP\2.3.0\Device\Include

<h2>Collection of Component Files used:</h2>

   * Component: ARM::CMSIS:CORE:5.4.0
      Include file:  CMSIS\Core\Include\tz_context.h
Build Time Elapsed:  00:00:09
</pre>
</body>
</html>
