<html>
<body>
<pre>
<h1>�Vision Build Log</h1>
<h2>Tool Versions:</h2>
IDE-Version: ��Vision V5.36.0.0
Copyright (C) 2021 ARM Ltd and ARM Germany GmbH. All rights reserved.
License Information: 1 1, 1, LIC=VGXG8-3RHZX-30RNC-7IUEJ-TJ5CA-YQ6DF
 
Tool Versions:
Toolchain:       MDK-ARM Plus  Version: 5.36.0.0
Toolchain Path:  D:\Keil_v5\ARM\ARMCC\Bin
C Compiler:      Armcc.exe V5.06 update 7 (build 960)
Assembler:       Armasm.exe V5.06 update 7 (build 960)
Linker/Locator:  ArmLink.exe V5.06 update 7 (build 960)
Library Manager: ArmAr.exe V5.06 update 7 (build 960)
Hex Converter:   FromElf.exe V5.06 update 7 (build 960)
CPU DLL:         SARMCM3.DLL V5.36.0.0
Dialog DLL:      DCM.DLL V1.17.3.0
Target DLL:      STLink\ST-LINKIII-KEIL_SWO.dll V3.0.9.0
Dialog DLL:      TCM.DLL V1.53.0.0
 
<h2>Project:</h2>
D:\Desktop\Noise-monitor\v1.5+\3.Slave computer\Project\FreeRTOS_NoiseSys\NoiseSys_1.70_OS\MDK-ARM\NoiseSys_1.70_OS.uvprojx
Project File Date:  04/19/2024

<h2>Output:</h2>
*** Using Compiler 'V5.06 update 7 (build 960)', folder: 'D:\Keil_v5\ARM\ARMCC\Bin'
Build target 'NoiseSys_1.70_OS'
assembling startup_stm32f103xb.s...
compiling main.c...
compiling gpio.c...
compiling freertos.c...
compiling dma.c...
compiling spi.c...
compiling i2c.c...
compiling stm32f1xx_it.c...
compiling usart.c...
compiling stm32f1xx_hal_timebase_tim.c...
compiling stm32f1xx_hal_msp.c...
compiling stm32f1xx_hal_gpio_ex.c...
compiling stm32f1xx_hal.c...
compiling stm32f1xx_hal_rcc_ex.c...
compiling stm32f1xx_hal_rcc.c...
compiling stm32f1xx_hal_gpio.c...
compiling stm32f1xx_hal_dma.c...
compiling stm32f1xx_hal_pwr.c...
compiling stm32f1xx_hal_cortex.c...
compiling stm32f1xx_hal_flash_ex.c...
compiling stm32f1xx_hal_flash.c...
compiling stm32f1xx_hal_exti.c...
compiling stm32f1xx_hal_i2c.c...
compiling stm32f1xx_hal_spi.c...
compiling stm32f1xx_hal_tim.c...
compiling stm32f1xx_hal_tim_ex.c...
compiling stm32f1xx_hal_uart.c...
compiling system_stm32f1xx.c...
compiling croutine.c...
compiling event_groups.c...
compiling list.c...
compiling queue.c...
compiling stream_buffer.c...
compiling tasks.c...
compiling timers.c...
compiling heap_4.c...
compiling port.c...
compiling cmsis_os2.c...
compiling 24l01.c...
compiling Air780eg.c...
..\Hardware\Air780eg.c(70): warning:  #167-D: argument of type "const uint8_t *" is incompatible with parameter of type "const char *"
      HAL_UART_Transmit(&huart3, cmd, strlen(cmd), 0xffffffff);
..\Hardware\Air780eg.c(111): warning:  #167-D: argument of type "uint8_t *" is incompatible with parameter of type "const char *restrict"
          if (4 == sscanf(Air780_rec_buf, "\r\n+CIPGSMLOC: 0,%19[^,],%19[^,],%10[^,],%8s", latitude, longitude, dateStr, timeStr))
..\Hardware\Air780eg.c(152): warning:  #68-D: integer conversion resulted in a change of sign
      if (timestamp == -1)
..\Hardware\Air780eg.c: 3 warnings, 0 errors
compiling OLED.c...
compiling noisen.c...
..\Hardware\noisen.c(14): warning:  #223-D: function "vTaskSuspendAll" declared implicitly
      vTaskSuspendAll();
..\Hardware\noisen.c(25): warning:  #223-D: function "xTaskResumeAll" declared implicitly
      xTaskResumeAll();
..\Hardware\noisen.c: 2 warnings, 0 errors
compiling user_GPSSend.c...
compiling user_HardwaresInitTask.c...
..\Tasks\user_HardwaresInitTask.c(35): warning:  #223-D: function "NRF24L01_Check" declared implicitly
          while (NRF24L01_Check())
..\Tasks\user_HardwaresInitTask.c(39): warning:  #223-D: function "Get_noise" declared implicitly
          Get_noise();
..\Tasks\user_HardwaresInitTask.c: 2 warnings, 0 errors
compiling user_OELDShow.c...
..\Tasks\user_OELDShow.c(17): warning:  #188-D: enumerated type mixed with another type
      static SysStatus show_status = 0;
..\Tasks\user_OELDShow.c: 1 warning, 0 errors
compiling user_NoiseSend.c...
..\Tasks\user_NoiseSend.c(15): warning:  #223-D: function "GPS_GetLocationTime" declared implicitly
          while (GPS_GetLocationTime())
..\Tasks\user_NoiseSend.c(18): warning:  #223-D: function "GPSLocSend" declared implicitly
          GPSLocSend(); // 发送一次位置信息给上位�?
..\Tasks\user_NoiseSend.c: 2 warnings, 0 errors
compiling user_TasksInit.c...
..\Tasks\user_TasksInit.c(81): warning:  #167-D: argument of type "void (*)(void)" is incompatible with parameter of type "osThreadFunc_t"
      OLEDTaskHandle = osThreadNew(OLEDShow, NULL, &OLEDTask_attributes);                            // OLED show
..\Tasks\user_TasksInit.c: 1 warning, 0 errors
linking...
Program Size: Code=21976 RO-data=2580 RW-data=244 ZI-data=16540  
FromELF: creating hex file...
"NoiseSys_1.70_OS\NoiseSys_1.70_OS" - 0 Error(s), 11 Warning(s).

<h2>Software Packages used:</h2>

Package Vendor: ARM
                http://www.keil.com/pack/ARM.CMSIS.5.9.0.pack
                ARM.CMSIS.5.9.0
                CMSIS (Common Microcontroller Software Interface Standard)
   * Component: CORE Version: 5.6.0

Package Vendor: Keil
                http://www.keil.com/pack/Keil.STM32F1xx_DFP.2.4.0.pack
                Keil.STM32F1xx_DFP.2.4.0
                STMicroelectronics STM32F1 Series Device Support, Drivers and Examples

<h2>Collection of Component include folders:</h2>
  .\RTE\_NoiseSys_1.70_OS
  D:\Keil_v5\Arm\Packs\ARM\CMSIS\5.9.0\CMSIS\Core\Include
  D:\Keil_v5\Arm\Packs\Keil\STM32F1xx_DFP\2.4.0\Device\Include

<h2>Collection of Component Files used:</h2>

   * Component: ARM::CMSIS:CORE:5.6.0
      Include file:  CMSIS\Core\Include\tz_context.h
Build Time Elapsed:  00:00:41
</pre>
</body>
</html>
